******************************************************************************
                  TI ARM Linker PC v15.9.0                     
******************************************************************************
>> Linked Mon Oct 19 14:51:51 2015

OUTPUT FILE NAME:   <SunlightPeripheralApp.out>
ENTRY POINT SYMBOL: "ResetISR"  address: 00004e4d


MEMORY CONFIGURATION

         name            origin    length      used     unused   attr    fill
----------------------  --------  ---------  --------  --------  ----  --------
  FLASH                 00000000   0000cfff  00007a76  00005589  R  X
  FLASH_LAST_PAGE       0001f000   00001000  00000058  00000fa8  R  X
  SRAM                  20000000   000043c3  00002e1e  000015a5  RW X


SEGMENT ALLOCATION MAP

run origin  load origin   length   init length attrs members
----------  ----------- ---------- ----------- ----- -------
00000000    00000000    00007a80   00007a80    r-x
  00000000    00000000    0000003c   0000003c    r-- .resetVecs
  0000003c    0000003c    000000c4   000000c4    r-x .text.1
  00000100    00000100    0000003c   0000003c    r-- .const:ti_sysbios_knl_Task_Object__PARAMS__C
  0000013c    0000013c    00000034   00000034    r-- .const:ti_sysbios_knl_Mailbox_Object__PARAMS__C
  00000170    00000170    00000030   00000030    r-- .const:ti_sysbios_family_arm_m3_Hwi_Object__PARAMS__C
  000001a0    000001a0    0000002c   0000002c    r-- .const:ti_sysbios_hal_Hwi_Object__PARAMS__C
  000001cc    000001cc    00000028   00000028    r-- .const:ti_sysbios_heaps_HeapMem_Module__FXNS__C
  000001f4    000001f4    00000028   00000028    r-- .const:ti_sysbios_knl_Swi_Object__PARAMS__C
  0000021c    0000021c    00000024   00000024    r-- .const:ti_sysbios_gates_GateHwi_Module__FXNS__C
  00000240    00000240    00000024   00000024    r-- .const:ti_sysbios_gates_GateMutex_Module__FXNS__C
  00000264    00000264    00000024   00000024    r-- .const:ti_sysbios_heaps_HeapMem_Object__PARAMS__C
  00000288    00000288    00000024   00000024    r-- .const:ti_sysbios_knl_Clock_Object__PARAMS__C
  000002ac    000002ac    00000024   00000024    r-- .const:ti_sysbios_knl_Semaphore_Object__PARAMS__C
  000002d0    000002d0    00000020   00000020    r-- .const:ti_sysbios_family_arm_m3_Hwi_Object__DESC__C
  000002f0    000002f0    00000020   00000020    r-- .const:ti_sysbios_gates_GateHwi_Object__DESC__C
  00000310    00000310    00000020   00000020    r-- .const:ti_sysbios_gates_GateMutex_Object__DESC__C
  00000330    00000330    00000020   00000020    r-- .const:ti_sysbios_hal_Hwi_Object__DESC__C
  00000350    00000350    00000020   00000020    r-- .const:ti_sysbios_heaps_HeapMem_Object__DESC__C
  00000370    00000370    00000020   00000020    r-- .const:ti_sysbios_knl_Clock_Object__DESC__C
  00000390    00000390    00000020   00000020    r-- .const:ti_sysbios_knl_Mailbox_Object__DESC__C
  000003b0    000003b0    00000020   00000020    r-- .const:ti_sysbios_knl_Queue_Object__DESC__C
  000003d0    000003d0    00000020   00000020    r-- .const:ti_sysbios_knl_Semaphore_Object__DESC__C
  000003f0    000003f0    00000020   00000020    r-- .const:ti_sysbios_knl_Swi_Object__DESC__C
  00000410    00000410    00000020   00000020    r-- .const:ti_sysbios_knl_Task_Object__DESC__C
  00000430    00000430    00000018   00000018    r-- .const:ti_sysbios_gates_GateHwi_Object__PARAMS__C
  00000448    00000448    00000018   00000018    r-- .const:ti_sysbios_gates_GateMutex_Object__PARAMS__C
  00000460    00000460    00000018   00000018    r-- .const:ti_sysbios_knl_Queue_Object__PARAMS__C
  00000478    00000478    00000008   00000008    r-- .const:ti_sysbios_knl_Idle_funcList__C
  00000480    00000480    00000004   00000004    r-x .text.2
  00000484    00000484    00000004   00000004    r-- .const:ti_sysbios_family_arm_cc26xx_Timer_startupNeeded__C
  00000488    00000488    00000004   00000004    r-- .const:ti_sysbios_family_arm_m3_Hwi_E_alreadyDefined__C
  0000048c    0000048c    00000004   00000004    r-- .const:ti_sysbios_family_arm_m3_Hwi_E_hwiLimitExceeded__C
  00000490    00000490    00000004   00000004    r-- .const:ti_sysbios_family_arm_m3_Hwi_NUM_INTERRUPTS__C
  00000494    00000494    00000004   00000004    r-- .const:ti_sysbios_family_arm_m3_Hwi_Object__count__C
  00000498    00000498    00000004   00000004    r-- .const:ti_sysbios_family_arm_m3_Hwi_Object__table__C
  0000049c    0000049c    00000004   00000004    r-- .const:ti_sysbios_family_arm_m3_Hwi_ccr__C
  000004a0    000004a0    00000004   00000004    r-- .const:ti_sysbios_family_arm_m3_Hwi_excHandlerFunc__C
  000004a4    000004a4    00000004   00000004    r-- .const:ti_sysbios_family_arm_m3_Hwi_nullIsrFunc__C
  000004a8    000004a8    00000004   00000004    r-- .const:ti_sysbios_family_arm_m3_Hwi_numSparseInterrupts__C
  000004ac    000004ac    00000004   00000004    r-- .const:ti_sysbios_family_arm_m3_Hwi_priGroup__C
  000004b0    000004b0    00000004   00000004    r-- .const:ti_sysbios_family_arm_m3_TaskSupport_stackAlignment__C
  000004b4    000004b4    00000004   00000004    r-- .const:ti_sysbios_heaps_HeapMem_E_memory__C
  000004b8    000004b8    00000004   00000004    r-- .const:ti_sysbios_heaps_HeapMem_Module__gateObj__C
  000004bc    000004bc    00000004   00000004    r-- .const:ti_sysbios_heaps_HeapMem_Object__count__C
  000004c0    000004c0    00000004   00000004    r-- .const:ti_sysbios_heaps_HeapMem_Object__table__C
  000004c4    000004c4    00000004   00000004    r-- .const:ti_sysbios_heaps_HeapMem_reqAlign__C
  000004c8    000004c8    00000004   00000004    r-- .const:ti_sysbios_knl_Clock_serviceMargin__C
  000004cc    000004cc    00000004   00000004    r-- .const:ti_sysbios_knl_Mailbox_Object__count__C
  000004d0    000004d0    00000004   00000004    r-- .const:ti_sysbios_knl_Mailbox_Object__table__C
  000004d4    000004d4    00000004   00000004    r-- .const:ti_sysbios_knl_Queue_Object__count__C
  000004d8    000004d8    00000004   00000004    r-- .const:ti_sysbios_knl_Queue_Object__table__C
  000004dc    000004dc    00000004   00000004    r-- .const:ti_sysbios_knl_Swi_Object__count__C
  000004e0    000004e0    00000004   00000004    r-- .const:ti_sysbios_knl_Swi_Object__table__C
  000004e4    000004e4    00000004   00000004    r-- .const:ti_sysbios_knl_Swi_numPriorities__C
  000004e8    000004e8    00000004   00000004    r-- .const:ti_sysbios_knl_Task_Object__count__C
  000004ec    000004ec    00000004   00000004    r-- .const:ti_sysbios_knl_Task_Object__table__C
  000004f0    000004f0    00000004   00000004    r-- .const:ti_sysbios_knl_Task_allBlockedFunc__C
  000004f4    000004f4    00000004   00000004    r-- .const:ti_sysbios_knl_Task_defaultStackHeap__C
  000004f8    000004f8    00000004   00000004    r-- .const:ti_sysbios_knl_Task_defaultStackSize__C
  000004fc    000004fc    00000004   00000004    r-- .const:ti_sysbios_knl_Task_numConstructedTasks__C
  00000500    00000500    00000002   00000002    r-x .text.3
  00000502    00000502    00000002   00000002    r-- .const:ti_sysbios_family_arm_cc26xx_Timer_Module__id__C
  00000504    00000504    00000002   00000002    r-- .const:ti_sysbios_family_arm_cc26xx_TimestampProvider_useClockTimer__C
  00000506    00000506    00000002   00000002    r-- .const:ti_sysbios_family_arm_m3_Hwi_Module__id__C
  00000508    00000508    00000002   00000002    r-- .const:ti_sysbios_gates_GateHwi_Module__id__C
  0000050a    0000050a    00000002   00000002    r-- .const:ti_sysbios_gates_GateMutex_Module__id__C
  0000050c    0000050c    00000002   00000002    r-- .const:ti_sysbios_heaps_HeapMem_Module__id__C
  0000050e    0000050e    00000002   00000002    r-- .const:ti_sysbios_knl_Task_initStackFlag__C
  00000510    00000510    00000001   00000001    r-- .const:ti_sysbios_knl_Clock_tickMode__C
  00000514    00000514    00000008   00000008    r-- .const:xdc_runtime_Startup_firstFxns__C
  0000051c    0000051c    00000008   00000008    r-- .const:xdc_runtime_Startup_lastFxns__C
  00000524    00000524    00000004   00000004    r-- .const:xdc_runtime_Assert_E_assertFailed__C
  00000528    00000528    00000004   00000004    r-- .const:xdc_runtime_Error_E_memory__C
  0000052c    0000052c    00000004   00000004    r-- .const:xdc_runtime_Error_policyFxn__C
  00000530    00000530    00000004   00000004    r-- .const:xdc_runtime_IGateProvider_Interface__BASE__C
  00000534    00000534    00000004   00000004    r-- .const:xdc_runtime_IHeap_Interface__BASE__C
  00000538    00000538    00000004   00000004    r-- .const:xdc_runtime_IModule_Interface__BASE__C
  0000053c    0000053c    00000004   00000004    r-- .const:xdc_runtime_Main_Module__diagsEnabled__C
  00000540    00000540    00000004   00000004    r-- .const:xdc_runtime_Main_Module__diagsIncluded__C
  00000544    00000544    00000004   00000004    r-- .const:xdc_runtime_Main_Module__diagsMask__C
  00000548    00000548    00000004   00000004    r-- .const:xdc_runtime_Memory_defaultHeapInstance__C
  0000054c    0000054c    00000004   00000004    r-- .const:xdc_runtime_Startup_execImpl__C
  00000550    00000550    00000004   00000004    r-- .const:xdc_runtime_Startup_maxPasses__C
  00000554    00000554    00000004   00000004    r-- .const:xdc_runtime_Startup_sfxnRts__C
  00000558    00000558    00000004   00000004    r-- .const:xdc_runtime_Startup_sfxnTab__C
  0000055c    0000055c    00000004   00000004    r-- .const:xdc_runtime_Startup_startModsFxn__C
  00000560    00000560    00000004   00000004    r-- .const:xdc_runtime_SysCallback_abortFxn__C
  00000564    00000564    00000004   00000004    r-- .const:xdc_runtime_SysCallback_exitFxn__C
  00000568    00000568    00000004   00000004    r-- .const:xdc_runtime_System_abortFxn__C
  0000056c    0000056c    00000004   00000004    r-- .const:xdc_runtime_System_exitFxn__C
  00000570    00000570    00000004   00000004    r-- .const:xdc_runtime_System_maxAtexitHandlers__C
  00000574    00000574    00000004   00000004    r-- .const:xdc_runtime_Text_charTab__C
  00000578    00000578    00000004   00000004    r-- .const:xdc_runtime_Text_nameEmpty__C
  0000057c    0000057c    00000004   00000004    r-- .const:xdc_runtime_Text_nameStatic__C
  00000580    00000580    00000004   00000004    r-- .const:xdc_runtime_Text_nameUnknown__C
  00000584    00000584    00000002   00000002    r-- .const:xdc_runtime_Main_Module__id__C
  00000586    00000586    00000002   00000002    r-- .const:xdc_runtime_Memory_Module__id__C
  00000588    00000588    00000002   00000002    r-- .const:xdc_runtime_Text_charCnt__C
  0000058a    0000058a    00000002   00000002    r-- .const:xdc_runtime_Text_isLoaded__C
  0000058c    0000058c    00000001   00000001    r-- .const:xdc_runtime_Error_policy__C
  00000590    00000590    00000004   00000004    r-- .const:ti_sysbios_rom_ROM_AONRTCChannelEnable
  00000594    00000594    00000004   00000004    r-- .const:ti_sysbios_rom_ROM_AONRTCCompareValueSet
  00000598    00000598    00000004   00000004    r-- .const:ti_sysbios_rom_ROM_AONRTCCurrentCompareValueGet
  0000059c    0000059c    00000004   00000004    r-- .const:ti_sysbios_rom_ROM_AONRTCEventClear
  000005a0    000005a0    00000004   00000004    r-- .const:ti_sysbios_rom_ROM_ti_sysbios_family_arm_cc26xx_Timer_getCount64__E
  000005a4    000005a4    00000004   00000004    r-- .const:ti_sysbios_rom_ROM_ti_sysbios_family_arm_cc26xx_Timer_getCurrentTick__E
  000005a8    000005a8    00000004   00000004    r-- .const:ti_sysbios_rom_ROM_ti_sysbios_family_arm_cc26xx_Timer_getMaxTicks__E
  000005ac    000005ac    00000004   00000004    r-- .const:ti_sysbios_rom_ROM_ti_sysbios_family_arm_cc26xx_Timer_initDevice__I
  000005b0    000005b0    00000004   00000004    r-- .const:ti_sysbios_rom_ROM_ti_sysbios_family_arm_cc26xx_Timer_setNextTick__E
  000005b4    000005b4    00000004   00000004    r-- .const:ti_sysbios_rom_ROM_ti_sysbios_family_arm_cc26xx_Timer_setThreshold__I
  000005b8    000005b8    00000004   00000004    r-- .const:ti_sysbios_rom_ROM_ti_sysbios_family_arm_cc26xx_Timer_start__E
  000005bc    000005bc    00000004   00000004    r-- .const:ti_sysbios_rom_ROM_ti_sysbios_family_arm_cc26xx_TimestampProvider_get32__E
  000005c0    000005c0    00000004   00000004    r-- .const:ti_sysbios_rom_ROM_xdc_runtime_Startup_getState__I
  000005c4    000005c4    00000004   00000004    r-- .const:ti_sysbios_rom_ROM_xdc_runtime_System_SupportProxy_abort__E
  000005c8    000005c8    00000004   00000004    r-- .const:ti_sysbios_rom_ROM_xdc_runtime_System_SupportProxy_exit__E
  000005cc    000005cc    00000004   00000004    r-- .const:ti_sysbios_gates_GateMutex_Instance_State_sem__O
  000005d0    000005d0    00000004   00000004    r-- .const:ti_sysbios_knl_Clock_Module_State_clockQ__O
  000005d4    000005d4    00000004   00000004    r-- .const:ti_sysbios_knl_Mailbox_Instance_State_dataQue__O
  000005d8    000005d8    00000004   00000004    r-- .const:ti_sysbios_knl_Mailbox_Instance_State_dataSem__O
  000005dc    000005dc    00000004   00000004    r-- .const:ti_sysbios_knl_Mailbox_Instance_State_freeQue__O
  000005e0    000005e0    00000004   00000004    r-- .const:ti_sysbios_knl_Mailbox_Instance_State_freeSem__O
  000005e4    000005e4    00000004   00000004    r-- .const:ti_sysbios_knl_Semaphore_Instance_State_pendQ__O
  000005e8    000005e8    00000004   00000004    r-- .const:ti_sysbios_knl_Task_Module_State_inactiveQ__O
  000005ec    000005ec    00006918   00006918    r-x .text.4
  00006f04    00006f04    00000368   00000368    r-- .const
  00007270    00007270    00000810   00000810    r-- .cinit
0001ffa8    0001ffa8    00000058   00000058    r--
  0001ffa8    0001ffa8    00000058   00000058    r-- .ccfg
20000000    20000000    000000c8   00000000    rw-
  20000000    20000000    000000c8   00000000    rw- .vecs
20000100    20000100    00002960   00000000    rw-
  20000100    20000100    00000044   00000000    rw- .data:ti_sysbios_knl_Task_Module__state__V
  20000144    20000144    00000034   00000000    rw- .data:ti_sysbios_family_arm_m3_Hwi_Module__state__V
  20000178    20000178    0000002c   00000000    rw- .data:ti_sysbios_knl_Clock_Module__state__V
  200001a4    200001a4    00000024   00000000    rw- .data:ti_sysbios_BIOS_Module__state__V
  200001c8    200001c8    0000001c   00000000    rw- .data:ti_sysbios_knl_Swi_Module__state__V
  200001e4    200001e4    00000008   00000000    rw- .data:ti_sysbios_family_arm_cc26xx_Timer_Module__state__V
  200001ec    200001ec    00000004   00000000    rw- .data:ti_sysbios_family_arm_cc26xx_TimestampProvider_Module__state__V
  200001f0    200001f0    00000008   00000000    rw- .data:xdc_runtime_Startup_Module__state__V
  200001f8    200001f8    00000008   00000000    rw- .data:xdc_runtime_System_Module__state__V
  20000200    20000200    00000004   00000000    rw- .data:xdc_runtime_Memory_Module__state__V
  20000208    20000208    000015a2   00000000    rw- .bss
  200017b0    200017b0    000012b0   00000000    rw- .data
20003fc0    20003fc0    00000400   00000000    rw-
  20003fc0    20003fc0    00000400   00000000    rw- .stack


SECTION ALLOCATION MAP

 output                                  attributes/
section   page    origin      length       input sections
--------  ----  ----------  ----------   ----------------
.resetVecs 
*          0    00000000    0000003c     
                  00000000    0000003c     appBLEprintf_pem3.oem3 (.resetVecs)

.text.1    0    0000003c    000000c4     
                  0000003c    000000bc     UARTCC26XX.obj (.text:UARTCC26XX_initHw$14)
                  000000f8    00000008     (.tramp.ti_sysbios_BIOS_getCpuFreq__E.1)

.const:ti_sysbios_knl_Task_Object__PARAMS__C 
*          0    00000100    0000003c     
                  00000100    0000003c     appBLEprintf_pem3.oem3 (.const:ti_sysbios_knl_Task_Object__PARAMS__C)

.const:ti_sysbios_knl_Mailbox_Object__PARAMS__C 
*          0    0000013c    00000034     
                  0000013c    00000034     appBLEprintf_pem3.oem3 (.const:ti_sysbios_knl_Mailbox_Object__PARAMS__C)

.const:ti_sysbios_family_arm_m3_Hwi_Object__PARAMS__C 
*          0    00000170    00000030     
                  00000170    00000030     appBLEprintf_pem3.oem3 (.const:ti_sysbios_family_arm_m3_Hwi_Object__PARAMS__C)

.const:ti_sysbios_hal_Hwi_Object__PARAMS__C 
*          0    000001a0    0000002c     
                  000001a0    0000002c     appBLEprintf_pem3.oem3 (.const:ti_sysbios_hal_Hwi_Object__PARAMS__C)

.const:ti_sysbios_heaps_HeapMem_Module__FXNS__C 
*          0    000001cc    00000028     
                  000001cc    00000028     appBLEprintf_pem3.oem3 (.const:ti_sysbios_heaps_HeapMem_Module__FXNS__C)

.const:ti_sysbios_knl_Swi_Object__PARAMS__C 
*          0    000001f4    00000028     
                  000001f4    00000028     appBLEprintf_pem3.oem3 (.const:ti_sysbios_knl_Swi_Object__PARAMS__C)

.const:ti_sysbios_gates_GateHwi_Module__FXNS__C 
*          0    0000021c    00000024     
                  0000021c    00000024     appBLEprintf_pem3.oem3 (.const:ti_sysbios_gates_GateHwi_Module__FXNS__C)

.const:ti_sysbios_gates_GateMutex_Module__FXNS__C 
*          0    00000240    00000024     
                  00000240    00000024     appBLEprintf_pem3.oem3 (.const:ti_sysbios_gates_GateMutex_Module__FXNS__C)

.const:ti_sysbios_heaps_HeapMem_Object__PARAMS__C 
*          0    00000264    00000024     
                  00000264    00000024     appBLEprintf_pem3.oem3 (.const:ti_sysbios_heaps_HeapMem_Object__PARAMS__C)

.const:ti_sysbios_knl_Clock_Object__PARAMS__C 
*          0    00000288    00000024     
                  00000288    00000024     appBLEprintf_pem3.oem3 (.const:ti_sysbios_knl_Clock_Object__PARAMS__C)

.const:ti_sysbios_knl_Semaphore_Object__PARAMS__C 
*          0    000002ac    00000024     
                  000002ac    00000024     appBLEprintf_pem3.oem3 (.const:ti_sysbios_knl_Semaphore_Object__PARAMS__C)

.const:ti_sysbios_family_arm_m3_Hwi_Object__DESC__C 
*          0    000002d0    00000020     
                  000002d0    00000020     appBLEprintf_pem3.oem3 (.const:ti_sysbios_family_arm_m3_Hwi_Object__DESC__C)

.const:ti_sysbios_gates_GateHwi_Object__DESC__C 
*          0    000002f0    00000020     
                  000002f0    00000020     appBLEprintf_pem3.oem3 (.const:ti_sysbios_gates_GateHwi_Object__DESC__C)

.const:ti_sysbios_gates_GateMutex_Object__DESC__C 
*          0    00000310    00000020     
                  00000310    00000020     appBLEprintf_pem3.oem3 (.const:ti_sysbios_gates_GateMutex_Object__DESC__C)

.const:ti_sysbios_hal_Hwi_Object__DESC__C 
*          0    00000330    00000020     
                  00000330    00000020     appBLEprintf_pem3.oem3 (.const:ti_sysbios_hal_Hwi_Object__DESC__C)

.const:ti_sysbios_heaps_HeapMem_Object__DESC__C 
*          0    00000350    00000020     
                  00000350    00000020     appBLEprintf_pem3.oem3 (.const:ti_sysbios_heaps_HeapMem_Object__DESC__C)

.const:ti_sysbios_knl_Clock_Object__DESC__C 
*          0    00000370    00000020     
                  00000370    00000020     appBLEprintf_pem3.oem3 (.const:ti_sysbios_knl_Clock_Object__DESC__C)

.const:ti_sysbios_knl_Mailbox_Object__DESC__C 
*          0    00000390    00000020     
                  00000390    00000020     appBLEprintf_pem3.oem3 (.const:ti_sysbios_knl_Mailbox_Object__DESC__C)

.const:ti_sysbios_knl_Queue_Object__DESC__C 
*          0    000003b0    00000020     
                  000003b0    00000020     appBLEprintf_pem3.oem3 (.const:ti_sysbios_knl_Queue_Object__DESC__C)

.const:ti_sysbios_knl_Semaphore_Object__DESC__C 
*          0    000003d0    00000020     
                  000003d0    00000020     appBLEprintf_pem3.oem3 (.const:ti_sysbios_knl_Semaphore_Object__DESC__C)

.const:ti_sysbios_knl_Swi_Object__DESC__C 
*          0    000003f0    00000020     
                  000003f0    00000020     appBLEprintf_pem3.oem3 (.const:ti_sysbios_knl_Swi_Object__DESC__C)

.const:ti_sysbios_knl_Task_Object__DESC__C 
*          0    00000410    00000020     
                  00000410    00000020     appBLEprintf_pem3.oem3 (.const:ti_sysbios_knl_Task_Object__DESC__C)

.const:ti_sysbios_gates_GateHwi_Object__PARAMS__C 
*          0    00000430    00000018     
                  00000430    00000018     appBLEprintf_pem3.oem3 (.const:ti_sysbios_gates_GateHwi_Object__PARAMS__C)

.const:ti_sysbios_gates_GateMutex_Object__PARAMS__C 
*          0    00000448    00000018     
                  00000448    00000018     appBLEprintf_pem3.oem3 (.const:ti_sysbios_gates_GateMutex_Object__PARAMS__C)

.const:ti_sysbios_knl_Queue_Object__PARAMS__C 
*          0    00000460    00000018     
                  00000460    00000018     appBLEprintf_pem3.oem3 (.const:ti_sysbios_knl_Queue_Object__PARAMS__C)

.const:ti_sysbios_knl_Idle_funcList__C 
*          0    00000478    00000008     
                  00000478    00000008     appBLEprintf_pem3.oem3 (.const:ti_sysbios_knl_Idle_funcList__C)

.text.2    0    00000480    00000004     
                  00000480    00000004     ICallBleAPI.obj (.text:GATTServApp_AddService)

.const:ti_sysbios_family_arm_cc26xx_Timer_startupNeeded__C 
*          0    00000484    00000004     
                  00000484    00000004     appBLEprintf_pem3.oem3 (.const:ti_sysbios_family_arm_cc26xx_Timer_startupNeeded__C)

.const:ti_sysbios_family_arm_m3_Hwi_E_alreadyDefined__C 
*          0    00000488    00000004     
                  00000488    00000004     appBLEprintf_pem3.oem3 (.const:ti_sysbios_family_arm_m3_Hwi_E_alreadyDefined__C)

.const:ti_sysbios_family_arm_m3_Hwi_E_hwiLimitExceeded__C 
*          0    0000048c    00000004     
                  0000048c    00000004     appBLEprintf_pem3.oem3 (.const:ti_sysbios_family_arm_m3_Hwi_E_hwiLimitExceeded__C)

.const:ti_sysbios_family_arm_m3_Hwi_NUM_INTERRUPTS__C 
*          0    00000490    00000004     
                  00000490    00000004     appBLEprintf_pem3.oem3 (.const:ti_sysbios_family_arm_m3_Hwi_NUM_INTERRUPTS__C)

.const:ti_sysbios_family_arm_m3_Hwi_Object__count__C 
*          0    00000494    00000004     
                  00000494    00000004     appBLEprintf_pem3.oem3 (.const:ti_sysbios_family_arm_m3_Hwi_Object__count__C)

.const:ti_sysbios_family_arm_m3_Hwi_Object__table__C 
*          0    00000498    00000004     
                  00000498    00000004     appBLEprintf_pem3.oem3 (.const:ti_sysbios_family_arm_m3_Hwi_Object__table__C)

.const:ti_sysbios_family_arm_m3_Hwi_ccr__C 
*          0    0000049c    00000004     
                  0000049c    00000004     appBLEprintf_pem3.oem3 (.const:ti_sysbios_family_arm_m3_Hwi_ccr__C)

.const:ti_sysbios_family_arm_m3_Hwi_excHandlerFunc__C 
*          0    000004a0    00000004     
                  000004a0    00000004     appBLEprintf_pem3.oem3 (.const:ti_sysbios_family_arm_m3_Hwi_excHandlerFunc__C)

.const:ti_sysbios_family_arm_m3_Hwi_nullIsrFunc__C 
*          0    000004a4    00000004     
                  000004a4    00000004     appBLEprintf_pem3.oem3 (.const:ti_sysbios_family_arm_m3_Hwi_nullIsrFunc__C)

.const:ti_sysbios_family_arm_m3_Hwi_numSparseInterrupts__C 
*          0    000004a8    00000004     
                  000004a8    00000004     appBLEprintf_pem3.oem3 (.const:ti_sysbios_family_arm_m3_Hwi_numSparseInterrupts__C)

.const:ti_sysbios_family_arm_m3_Hwi_priGroup__C 
*          0    000004ac    00000004     
                  000004ac    00000004     appBLEprintf_pem3.oem3 (.const:ti_sysbios_family_arm_m3_Hwi_priGroup__C)

.const:ti_sysbios_family_arm_m3_TaskSupport_stackAlignment__C 
*          0    000004b0    00000004     
                  000004b0    00000004     appBLEprintf_pem3.oem3 (.const:ti_sysbios_family_arm_m3_TaskSupport_stackAlignment__C)

.const:ti_sysbios_heaps_HeapMem_E_memory__C 
*          0    000004b4    00000004     
                  000004b4    00000004     appBLEprintf_pem3.oem3 (.const:ti_sysbios_heaps_HeapMem_E_memory__C)

.const:ti_sysbios_heaps_HeapMem_Module__gateObj__C 
*          0    000004b8    00000004     
                  000004b8    00000004     appBLEprintf_pem3.oem3 (.const:ti_sysbios_heaps_HeapMem_Module__gateObj__C)

.const:ti_sysbios_heaps_HeapMem_Object__count__C 
*          0    000004bc    00000004     
                  000004bc    00000004     appBLEprintf_pem3.oem3 (.const:ti_sysbios_heaps_HeapMem_Object__count__C)

.const:ti_sysbios_heaps_HeapMem_Object__table__C 
*          0    000004c0    00000004     
                  000004c0    00000004     appBLEprintf_pem3.oem3 (.const:ti_sysbios_heaps_HeapMem_Object__table__C)

.const:ti_sysbios_heaps_HeapMem_reqAlign__C 
*          0    000004c4    00000004     
                  000004c4    00000004     appBLEprintf_pem3.oem3 (.const:ti_sysbios_heaps_HeapMem_reqAlign__C)

.const:ti_sysbios_knl_Clock_serviceMargin__C 
*          0    000004c8    00000004     
                  000004c8    00000004     appBLEprintf_pem3.oem3 (.const:ti_sysbios_knl_Clock_serviceMargin__C)

.const:ti_sysbios_knl_Mailbox_Object__count__C 
*          0    000004cc    00000004     
                  000004cc    00000004     appBLEprintf_pem3.oem3 (.const:ti_sysbios_knl_Mailbox_Object__count__C)

.const:ti_sysbios_knl_Mailbox_Object__table__C 
*          0    000004d0    00000004     
                  000004d0    00000004     appBLEprintf_pem3.oem3 (.const:ti_sysbios_knl_Mailbox_Object__table__C)

.const:ti_sysbios_knl_Queue_Object__count__C 
*          0    000004d4    00000004     
                  000004d4    00000004     appBLEprintf_pem3.oem3 (.const:ti_sysbios_knl_Queue_Object__count__C)

.const:ti_sysbios_knl_Queue_Object__table__C 
*          0    000004d8    00000004     
                  000004d8    00000004     appBLEprintf_pem3.oem3 (.const:ti_sysbios_knl_Queue_Object__table__C)

.const:ti_sysbios_knl_Swi_Object__count__C 
*          0    000004dc    00000004     
                  000004dc    00000004     appBLEprintf_pem3.oem3 (.const:ti_sysbios_knl_Swi_Object__count__C)

.const:ti_sysbios_knl_Swi_Object__table__C 
*          0    000004e0    00000004     
                  000004e0    00000004     appBLEprintf_pem3.oem3 (.const:ti_sysbios_knl_Swi_Object__table__C)

.const:ti_sysbios_knl_Swi_numPriorities__C 
*          0    000004e4    00000004     
                  000004e4    00000004     appBLEprintf_pem3.oem3 (.const:ti_sysbios_knl_Swi_numPriorities__C)

.const:ti_sysbios_knl_Task_Object__count__C 
*          0    000004e8    00000004     
                  000004e8    00000004     appBLEprintf_pem3.oem3 (.const:ti_sysbios_knl_Task_Object__count__C)

.const:ti_sysbios_knl_Task_Object__table__C 
*          0    000004ec    00000004     
                  000004ec    00000004     appBLEprintf_pem3.oem3 (.const:ti_sysbios_knl_Task_Object__table__C)

.const:ti_sysbios_knl_Task_allBlockedFunc__C 
*          0    000004f0    00000004     
                  000004f0    00000004     appBLEprintf_pem3.oem3 (.const:ti_sysbios_knl_Task_allBlockedFunc__C)

.const:ti_sysbios_knl_Task_defaultStackHeap__C 
*          0    000004f4    00000004     
                  000004f4    00000004     appBLEprintf_pem3.oem3 (.const:ti_sysbios_knl_Task_defaultStackHeap__C)

.const:ti_sysbios_knl_Task_defaultStackSize__C 
*          0    000004f8    00000004     
                  000004f8    00000004     appBLEprintf_pem3.oem3 (.const:ti_sysbios_knl_Task_defaultStackSize__C)

.const:ti_sysbios_knl_Task_numConstructedTasks__C 
*          0    000004fc    00000004     
                  000004fc    00000004     appBLEprintf_pem3.oem3 (.const:ti_sysbios_knl_Task_numConstructedTasks__C)

.text.3    0    00000500    00000002     
                  00000500    00000002     rtsv7M3_T_le_eabi.lib : i_div0.obj (.text)

.const:ti_sysbios_family_arm_cc26xx_Timer_Module__id__C 
*          0    00000502    00000002     
                  00000502    00000002     appBLEprintf_pem3.oem3 (.const:ti_sysbios_family_arm_cc26xx_Timer_Module__id__C)

.const:ti_sysbios_family_arm_cc26xx_TimestampProvider_useClockTimer__C 
*          0    00000504    00000002     
                  00000504    00000002     appBLEprintf_pem3.oem3 (.const:ti_sysbios_family_arm_cc26xx_TimestampProvider_useClockTimer__C)

.const:ti_sysbios_family_arm_m3_Hwi_Module__id__C 
*          0    00000506    00000002     
                  00000506    00000002     appBLEprintf_pem3.oem3 (.const:ti_sysbios_family_arm_m3_Hwi_Module__id__C)

.const:ti_sysbios_gates_GateHwi_Module__id__C 
*          0    00000508    00000002     
                  00000508    00000002     appBLEprintf_pem3.oem3 (.const:ti_sysbios_gates_GateHwi_Module__id__C)

.const:ti_sysbios_gates_GateMutex_Module__id__C 
*          0    0000050a    00000002     
                  0000050a    00000002     appBLEprintf_pem3.oem3 (.const:ti_sysbios_gates_GateMutex_Module__id__C)

.const:ti_sysbios_heaps_HeapMem_Module__id__C 
*          0    0000050c    00000002     
                  0000050c    00000002     appBLEprintf_pem3.oem3 (.const:ti_sysbios_heaps_HeapMem_Module__id__C)

.const:ti_sysbios_knl_Task_initStackFlag__C 
*          0    0000050e    00000002     
                  0000050e    00000002     appBLEprintf_pem3.oem3 (.const:ti_sysbios_knl_Task_initStackFlag__C)

.const:ti_sysbios_knl_Clock_tickMode__C 
*          0    00000510    00000001     
                  00000510    00000001     appBLEprintf_pem3.oem3 (.const:ti_sysbios_knl_Clock_tickMode__C)

.const:xdc_runtime_Startup_firstFxns__C 
*          0    00000514    00000008     
                  00000514    00000008     appBLEprintf_pem3.oem3 (.const:xdc_runtime_Startup_firstFxns__C)

.const:xdc_runtime_Startup_lastFxns__C 
*          0    0000051c    00000008     
                  0000051c    00000008     appBLEprintf_pem3.oem3 (.const:xdc_runtime_Startup_lastFxns__C)

.const:xdc_runtime_Assert_E_assertFailed__C 
*          0    00000524    00000004     
                  00000524    00000004     appBLEprintf_pem3.oem3 (.const:xdc_runtime_Assert_E_assertFailed__C)

.const:xdc_runtime_Error_E_memory__C 
*          0    00000528    00000004     
                  00000528    00000004     appBLEprintf_pem3.oem3 (.const:xdc_runtime_Error_E_memory__C)

.const:xdc_runtime_Error_policyFxn__C 
*          0    0000052c    00000004     
                  0000052c    00000004     appBLEprintf_pem3.oem3 (.const:xdc_runtime_Error_policyFxn__C)

.const:xdc_runtime_IGateProvider_Interface__BASE__C 
*          0    00000530    00000004     
                  00000530    00000004     appBLEprintf_pem3.oem3 (.const:xdc_runtime_IGateProvider_Interface__BASE__C)

.const:xdc_runtime_IHeap_Interface__BASE__C 
*          0    00000534    00000004     
                  00000534    00000004     appBLEprintf_pem3.oem3 (.const:xdc_runtime_IHeap_Interface__BASE__C)

.const:xdc_runtime_IModule_Interface__BASE__C 
*          0    00000538    00000004     
                  00000538    00000004     appBLEprintf_pem3.oem3 (.const:xdc_runtime_IModule_Interface__BASE__C)

.const:xdc_runtime_Main_Module__diagsEnabled__C 
*          0    0000053c    00000004     
                  0000053c    00000004     appBLEprintf_pem3.oem3 (.const:xdc_runtime_Main_Module__diagsEnabled__C)

.const:xdc_runtime_Main_Module__diagsIncluded__C 
*          0    00000540    00000004     
                  00000540    00000004     appBLEprintf_pem3.oem3 (.const:xdc_runtime_Main_Module__diagsIncluded__C)

.const:xdc_runtime_Main_Module__diagsMask__C 
*          0    00000544    00000004     
                  00000544    00000004     appBLEprintf_pem3.oem3 (.const:xdc_runtime_Main_Module__diagsMask__C)

.const:xdc_runtime_Memory_defaultHeapInstance__C 
*          0    00000548    00000004     
                  00000548    00000004     appBLEprintf_pem3.oem3 (.const:xdc_runtime_Memory_defaultHeapInstance__C)

.const:xdc_runtime_Startup_execImpl__C 
*          0    0000054c    00000004     
                  0000054c    00000004     appBLEprintf_pem3.oem3 (.const:xdc_runtime_Startup_execImpl__C)

.const:xdc_runtime_Startup_maxPasses__C 
*          0    00000550    00000004     
                  00000550    00000004     appBLEprintf_pem3.oem3 (.const:xdc_runtime_Startup_maxPasses__C)

.const:xdc_runtime_Startup_sfxnRts__C 
*          0    00000554    00000004     
                  00000554    00000004     appBLEprintf_pem3.oem3 (.const:xdc_runtime_Startup_sfxnRts__C)

.const:xdc_runtime_Startup_sfxnTab__C 
*          0    00000558    00000004     
                  00000558    00000004     appBLEprintf_pem3.oem3 (.const:xdc_runtime_Startup_sfxnTab__C)

.const:xdc_runtime_Startup_startModsFxn__C 
*          0    0000055c    00000004     
                  0000055c    00000004     appBLEprintf_pem3.oem3 (.const:xdc_runtime_Startup_startModsFxn__C)

.const:xdc_runtime_SysCallback_abortFxn__C 
*          0    00000560    00000004     
                  00000560    00000004     appBLEprintf_pem3.oem3 (.const:xdc_runtime_SysCallback_abortFxn__C)

.const:xdc_runtime_SysCallback_exitFxn__C 
*          0    00000564    00000004     
                  00000564    00000004     appBLEprintf_pem3.oem3 (.const:xdc_runtime_SysCallback_exitFxn__C)

.const:xdc_runtime_System_abortFxn__C 
*          0    00000568    00000004     
                  00000568    00000004     appBLEprintf_pem3.oem3 (.const:xdc_runtime_System_abortFxn__C)

.const:xdc_runtime_System_exitFxn__C 
*          0    0000056c    00000004     
                  0000056c    00000004     appBLEprintf_pem3.oem3 (.const:xdc_runtime_System_exitFxn__C)

.const:xdc_runtime_System_maxAtexitHandlers__C 
*          0    00000570    00000004     
                  00000570    00000004     appBLEprintf_pem3.oem3 (.const:xdc_runtime_System_maxAtexitHandlers__C)

.const:xdc_runtime_Text_charTab__C 
*          0    00000574    00000004     
                  00000574    00000004     appBLEprintf_pem3.oem3 (.const:xdc_runtime_Text_charTab__C)

.const:xdc_runtime_Text_nameEmpty__C 
*          0    00000578    00000004     
                  00000578    00000004     appBLEprintf_pem3.oem3 (.const:xdc_runtime_Text_nameEmpty__C)

.const:xdc_runtime_Text_nameStatic__C 
*          0    0000057c    00000004     
                  0000057c    00000004     appBLEprintf_pem3.oem3 (.const:xdc_runtime_Text_nameStatic__C)

.const:xdc_runtime_Text_nameUnknown__C 
*          0    00000580    00000004     
                  00000580    00000004     appBLEprintf_pem3.oem3 (.const:xdc_runtime_Text_nameUnknown__C)

.const:xdc_runtime_Main_Module__id__C 
*          0    00000584    00000002     
                  00000584    00000002     appBLEprintf_pem3.oem3 (.const:xdc_runtime_Main_Module__id__C)

.const:xdc_runtime_Memory_Module__id__C 
*          0    00000586    00000002     
                  00000586    00000002     appBLEprintf_pem3.oem3 (.const:xdc_runtime_Memory_Module__id__C)

.const:xdc_runtime_Text_charCnt__C 
*          0    00000588    00000002     
                  00000588    00000002     appBLEprintf_pem3.oem3 (.const:xdc_runtime_Text_charCnt__C)

.const:xdc_runtime_Text_isLoaded__C 
*          0    0000058a    00000002     
                  0000058a    00000002     appBLEprintf_pem3.oem3 (.const:xdc_runtime_Text_isLoaded__C)

.const:xdc_runtime_Error_policy__C 
*          0    0000058c    00000001     
                  0000058c    00000001     appBLEprintf_pem3.oem3 (.const:xdc_runtime_Error_policy__C)

.const:ti_sysbios_rom_ROM_AONRTCChannelEnable 
*          0    00000590    00000004     
                  00000590    00000004     appBLEprintf_pem3.oem3 (.const:ti_sysbios_rom_ROM_AONRTCChannelEnable)

.const:ti_sysbios_rom_ROM_AONRTCCompareValueSet 
*          0    00000594    00000004     
                  00000594    00000004     appBLEprintf_pem3.oem3 (.const:ti_sysbios_rom_ROM_AONRTCCompareValueSet)

.const:ti_sysbios_rom_ROM_AONRTCCurrentCompareValueGet 
*          0    00000598    00000004     
                  00000598    00000004     appBLEprintf_pem3.oem3 (.const:ti_sysbios_rom_ROM_AONRTCCurrentCompareValueGet)

.const:ti_sysbios_rom_ROM_AONRTCEventClear 
*          0    0000059c    00000004     
                  0000059c    00000004     appBLEprintf_pem3.oem3 (.const:ti_sysbios_rom_ROM_AONRTCEventClear)

.const:ti_sysbios_rom_ROM_ti_sysbios_family_arm_cc26xx_Timer_getCount64__E 
*          0    000005a0    00000004     
                  000005a0    00000004     appBLEprintf_pem3.oem3 (.const:ti_sysbios_rom_ROM_ti_sysbios_family_arm_cc26xx_Timer_getCount64__E)

.const:ti_sysbios_rom_ROM_ti_sysbios_family_arm_cc26xx_Timer_getCurrentTick__E 
*          0    000005a4    00000004     
                  000005a4    00000004     appBLEprintf_pem3.oem3 (.const:ti_sysbios_rom_ROM_ti_sysbios_family_arm_cc26xx_Timer_getCurrentTick__E)

.const:ti_sysbios_rom_ROM_ti_sysbios_family_arm_cc26xx_Timer_getMaxTicks__E 
*          0    000005a8    00000004     
                  000005a8    00000004     appBLEprintf_pem3.oem3 (.const:ti_sysbios_rom_ROM_ti_sysbios_family_arm_cc26xx_Timer_getMaxTicks__E)

.const:ti_sysbios_rom_ROM_ti_sysbios_family_arm_cc26xx_Timer_initDevice__I 
*          0    000005ac    00000004     
                  000005ac    00000004     appBLEprintf_pem3.oem3 (.const:ti_sysbios_rom_ROM_ti_sysbios_family_arm_cc26xx_Timer_initDevice__I)

.const:ti_sysbios_rom_ROM_ti_sysbios_family_arm_cc26xx_Timer_setNextTick__E 
*          0    000005b0    00000004     
                  000005b0    00000004     appBLEprintf_pem3.oem3 (.const:ti_sysbios_rom_ROM_ti_sysbios_family_arm_cc26xx_Timer_setNextTick__E)

.const:ti_sysbios_rom_ROM_ti_sysbios_family_arm_cc26xx_Timer_setThreshold__I 
*          0    000005b4    00000004     
                  000005b4    00000004     appBLEprintf_pem3.oem3 (.const:ti_sysbios_rom_ROM_ti_sysbios_family_arm_cc26xx_Timer_setThreshold__I)

.const:ti_sysbios_rom_ROM_ti_sysbios_family_arm_cc26xx_Timer_start__E 
*          0    000005b8    00000004     
                  000005b8    00000004     appBLEprintf_pem3.oem3 (.const:ti_sysbios_rom_ROM_ti_sysbios_family_arm_cc26xx_Timer_start__E)

.const:ti_sysbios_rom_ROM_ti_sysbios_family_arm_cc26xx_TimestampProvider_get32__E 
*          0    000005bc    00000004     
                  000005bc    00000004     appBLEprintf_pem3.oem3 (.const:ti_sysbios_rom_ROM_ti_sysbios_family_arm_cc26xx_TimestampProvider_get32__E)

.const:ti_sysbios_rom_ROM_xdc_runtime_Startup_getState__I 
*          0    000005c0    00000004     
                  000005c0    00000004     appBLEprintf_pem3.oem3 (.const:ti_sysbios_rom_ROM_xdc_runtime_Startup_getState__I)

.const:ti_sysbios_rom_ROM_xdc_runtime_System_SupportProxy_abort__E 
*          0    000005c4    00000004     
                  000005c4    00000004     appBLEprintf_pem3.oem3 (.const:ti_sysbios_rom_ROM_xdc_runtime_System_SupportProxy_abort__E)

.const:ti_sysbios_rom_ROM_xdc_runtime_System_SupportProxy_exit__E 
*          0    000005c8    00000004     
                  000005c8    00000004     appBLEprintf_pem3.oem3 (.const:ti_sysbios_rom_ROM_xdc_runtime_System_SupportProxy_exit__E)

.const:ti_sysbios_gates_GateMutex_Instance_State_sem__O 
*          0    000005cc    00000004     
                  000005cc    00000004     appBLEprintf_pem3.oem3 (.const:ti_sysbios_gates_GateMutex_Instance_State_sem__O)

.const:ti_sysbios_knl_Clock_Module_State_clockQ__O 
*          0    000005d0    00000004     
                  000005d0    00000004     appBLEprintf_pem3.oem3 (.const:ti_sysbios_knl_Clock_Module_State_clockQ__O)

.const:ti_sysbios_knl_Mailbox_Instance_State_dataQue__O 
*          0    000005d4    00000004     
                  000005d4    00000004     appBLEprintf_pem3.oem3 (.const:ti_sysbios_knl_Mailbox_Instance_State_dataQue__O)

.const:ti_sysbios_knl_Mailbox_Instance_State_dataSem__O 
*          0    000005d8    00000004     
                  000005d8    00000004     appBLEprintf_pem3.oem3 (.const:ti_sysbios_knl_Mailbox_Instance_State_dataSem__O)

.const:ti_sysbios_knl_Mailbox_Instance_State_freeQue__O 
*          0    000005dc    00000004     
                  000005dc    00000004     appBLEprintf_pem3.oem3 (.const:ti_sysbios_knl_Mailbox_Instance_State_freeQue__O)

.const:ti_sysbios_knl_Mailbox_Instance_State_freeSem__O 
*          0    000005e0    00000004     
                  000005e0    00000004     appBLEprintf_pem3.oem3 (.const:ti_sysbios_knl_Mailbox_Instance_State_freeSem__O)

.const:ti_sysbios_knl_Semaphore_Instance_State_pendQ__O 
*          0    000005e4    00000004     
                  000005e4    00000004     appBLEprintf_pem3.oem3 (.const:ti_sysbios_knl_Semaphore_Instance_State_pendQ__O)

.const:ti_sysbios_knl_Task_Module_State_inactiveQ__O 
*          0    000005e8    00000004     
                  000005e8    00000004     appBLEprintf_pem3.oem3 (.const:ti_sysbios_knl_Task_Module_State_inactiveQ__O)

.text.4    0    000005ec    00006918     
                  000005ec    00000440     sysbios.aem3 : mangled__BIOS_lib.obj (.text:xdc_runtime_System_doPrint__I)
                  00000a2c    00000376     driverlib.lib : setup.obj (.text:HapiTrimDeviceShutDown$42)
                  00000da2    00000002     appBLEprintf_pem3.oem3 (.text:ti_sysbios_BIOS_nullFunc__I)
                  00000da4    0000034c     sysbios.aem3 : mangled__BIOS_lib.obj (.text:ti_sysbios_family_arm_cc26xx_Power_auxISR__E)
                  000010f0    000002f4                  : mangled__BIOS_lib.obj (.text:ti_sysbios_family_arm_cc26xx_Power_sleep__E)
                  000013e4    00000228     peripheral.obj (.text:gapRole_processGAPMsg$6)
                  0000160c    00000224     peripheral.obj (.text:GAPRole_SetParameter)
                  00001830    000001f4     rtsv7M3_T_le_eabi.lib : ull_div_t2.obj (.text)
                  00001a24    000001f0     trainingTag.obj (.text:trainingTag_init$22)
                  00001c14    000001c8     driverlib.lib : sys_ctrl.obj (.text:SysCtrlSetRechargeBeforePowerDown)
                  00001ddc    00000188     PINCC26XX.obj (.text:PIN_init)
                  00001f64    00000174     UARTCC26XX.obj (.text:UARTCC26XX_open)
                  000020d8    0000014c     trainingTag.obj (.text:trainingTag_processStateChangeEvt$22)
                  00002224    00000130     sysbios.aem3 : mangled__BIOS_lib.obj (.text:xdc_runtime_Text_putSite__E)
                  00002354    00000124     peripheral.obj (.text:GAPRole_GetParameter)
                  00002478    00000104     sysbios.aem3 : mangled__BIOS_lib.obj (.text:calibrateRcoscHf1$28)
                  0000257c    00000100     UARTCC26XX.obj (.text:UARTCC26XX_write)
                  0000267c    000000fc     sysbios.aem3 : mangled__BIOS_lib.obj (.text:xdc_runtime_Text_putLab__E)
                  00002778    000000f8                  : mangled__BIOS_lib.obj (.text:ti_sysbios_family_arm_cc26xx_Power_startFirstMeasurement__E)
                  00002870    000000f8     appBLEprintf_pem3.oem3 (.text:xdc_runtime_System_printfExtend__I)
                  00002968    000000f4     peripheral.obj (.text:gapRole_taskFxn$6)
                  00002a5c    000000f2     driverlib.lib : setup.obj (.text:GetTrimForAnabypassValue1$42)
                  00002b4e    00000002     sysbios.aem3 : mangled__BIOS_lib.obj (.text:ti_sysbios_family_arm_cc26xx_Power_defaultClockFunc__E)
                  00002b50    000000f0                  : mangled__BIOS_lib.obj (.text:ti_sysbios_family_arm_cc26xx_Power_standbyPolicy__E)
                  00002c40    000000ec     ICall.obj (.text:ICall_primWaitMatch$10)
                  00002d2c    000000e2     UARTCC26XX.obj (.text:UARTCC26XX_hwiIntFxn)
                  00002e0e    00000002     sysbios.aem3 : mangled__BIOS_lib.obj (.text:ti_sysbios_family_arm_cc26xx_Power_defaultNotifyTrapFunc__E)
                  00002e10    000000d8                  : mangled__BIOS_lib.obj (.text:ti_sysbios_family_arm_cc26xx_Power_setDependency__E)
                  00002ee8    000000d0                  : mangled__BIOS_lib.obj (.text:ti_sysbios_family_arm_cc26xx_Power_releaseDependency__E)
                  00002fb8    000000b4     PINCC26XX.obj (.text:PINCC26XX_setIoCfg$17)
                  0000306c    000000b4     UARTCC26XX.obj (.text:UARTCC26XX_read)
                  00003120    000000b4     driverlib.lib : setup.obj (.text:trimDevice)
                  000031d4    000000b0     devinfoservice.obj (.text:devInfo_ReadAttrCB$3)
                  00003284    000000b0     sysbios.aem3 : mangled__BIOS_lib.obj (.text:ti_sysbios_knl_Clock_workFuncDynamic__E)
                  00003334    000000a4                  : mangled__BIOS_lib.obj (.text:ti_sysbios_family_arm_cc26xx_Power_initiateCalibration__E)
                  000033d8    000000a0     auto_init.aem3 : auto_init.oem3 (.text)
                  00003478    000000a0     peripheral.obj (.text:gapRole_init$6)
                  00003518    0000009c     rtsv7M3_T_le_eabi.lib : memcpy_t2.obj (.text)
                  000035b4    00000094     driverlib.lib : osc.obj (.text:OSCHF_GetStartupTime)
                  00003648    00000094     UARTCC26XX.obj (.text:UARTCC26XX_initIO$14)
                  000036dc    00000094     simpleGATTprofile.obj (.text:simpleProfile_WriteAttrCB$7)
                  00003770    00000090     driverlib.lib : setup.obj (.text:GetTrimForAmpcompCtrl$42)
                  00003800    00000090     PINCC26XX.obj (.text:PIN_open)
                  00003890    00000090     UARTCC26XX.obj (.text:writeFinishedDoCallback$14)
                  00003920    0000008c     sysbios.aem3 : mangled__BIOS_lib.obj (.text:ti_sysbios_family_arm_cc26xx_Power_LF_clockFunc__E)
                  000039ac    0000008c                  : mangled__BIOS_lib.obj (.text:ti_sysbios_family_arm_cc26xx_Power_Module_startup__E)
                  00003a38    00000088     UARTCC26XX.obj (.text:UARTCC26XX_writeCancel)
                  00003ac0    00000088     sysbios.aem3 : mangled__BIOS_lib.obj (.text:ti_sysbios_family_arm_cc26xx_Timer_start__E)
                  00003b48    00000084     ICall.obj (.text:ICall_heapMalloc)
                  00003bcc    00000084     ICall.obj (.text:ICall_primSetTimer$10)
                  00003c50    0000007c     UARTCC26XX.obj (.text:writeTxFifoFlush$14)
                  00003ccc    0000007a     rtsv7M3_T_le_eabi.lib : memset_t2.obj (.text)
                  00003d46    00000002     appBLEprintf_pem3.oem3 (.text:ti_sysbios_rom_cortexm_cc26xx_CC26xx_badRomRevision__E)
                  00003d48    00000078     trainingTag.obj (.text:trainingTag_taskFxn$22)
                  00003dc0    00000074     ICall.obj (.text:ICall_primSend$10)
                  00003e34    00000074     UARTCC26XX.obj (.text:UARTCC26XX_close)
                  00003ea8    00000072     driverlib.lib : chipinfo.obj (.text:ChipInfo_GetHwRevision)
                  00003f1a    00000002     sysbios.aem3 : mangled__BIOS_lib.obj (.text:xdc_runtime_SysCallback_defaultAbort)
                  00003f1c    00000070     UARTCC26XX.obj (.text:UARTCC26XX_readCancel)
                  00003f8c    00000070     peripheral.obj (.text:gapRole_startConnUpdate$6)
                  00003ffc    0000006c     ICallCC2650.obj (.text:ICallPlatform_pwrUpdActivityCounter)
                  00004068    0000006c     ICall.obj (.text:ICall_createRemoteTasks)
                  000040d4    0000006c     driverlib.lib : sys_ctrl.obj (.text:SysCtrl_DCDC_VoltageConditionalControl)
                  00004140    0000006a     rtsv7M3_T_le_eabi.lib : copy_decompress_rle.obj (.text)
                  000041aa    00000066     gattservapp_util.obj (.text:gattServApp_SendNotiInd$5)
                  00004210    00000066     simpleGATTprofile.obj (.text:simpleProfile_ReadAttrCB$7)
                  00004276    00000002     sysbios.aem3 : mangled__BIOS_lib.obj (.text:xdc_runtime_SysCallback_defaultExit)
                  00004278    00000064     gattservapp_util.obj (.text:GATTServApp_ProcessCharCfg)
                  000042dc    00000064     driverlib.lib : osc.obj (.text:OSCHF_AttemptToSwitchToXosc)
                  00004340    00000062                   : sys_ctrl.obj (.text:SysCtrlAdjustRechargeAfterPowerDown)
                  000043a2    00000002     --HOLE-- [fill = 0]
                  000043a4    00000060     appBLEprintf_pem3.oem3 (.text:ti_sysbios_family_arm_cc26xx_Power_XOSC_HF_clockFunc__E)
                  00004404    00000060     sysbios.aem3 : mangled__BIOS_lib.obj (.text:ti_sysbios_family_arm_cc26xx_Timer_setNextTick__E)
                  00004464    0000005c     simpleGATTprofile.obj (.text:SimpleProfile_SetParameter)
                  000044c0    0000005c     main.obj (.text:main)
                  0000451c    0000005c     appBLEprintf_pem3.oem3 (.text:xdc_runtime_Startup_getState__I)
                  00004578    0000005a     driverlib.lib : ddi.obj (.text:NOROM_DDI16BitfieldWrite)
                  000045d2    00000002     --HOLE-- [fill = 0]
                  000045d4    00000058     ICall.obj (.text:ICall_primEnroll$10)
                  0000462c    00000058     sysbios.aem3 : mangled__BIOS_lib.obj (.text:ti_sysbios_family_arm_cc26xx_Power_notify__I)
                  00004684    00000054     ICall.obj (.text:ICall_primThreadServes$10)
                  000046d8    00000054     uart_printf.obj (.text:uartPrintf_flush)
                  0000472c    00000052     ICall.obj (.text:ICall_primWait$10)
                  0000477e    00000052     driverlib.lib : osc.obj (.text:NOROM_OSCClockSourceSet)
                  000047d0    00000050     ICallBleAPI.obj (.text:GAP_DeviceInit)
                  00004820    00000050     ICallBleAPI.obj (.text:GAP_UpdateAdvertisingData)
                  00004870    00000050     ICall.obj (.text:ICall_primGetEntityId$10)
                  000048c0    00000050     ICall.obj (.text:ICall_primRegisterApp$10)
                  00004910    00000050     PINCC26XX.obj (.text:PIN_remove)
                  00004960    00000050     util.obj (.text:Util_convertBdAddr2Str)
                  000049b0    00000050     UARTCC26XX.obj (.text:startTxFifoEmptyClk$14)
                  00004a00    0000004c     peripheral.obj (.text:GAPRole_SendUpdateParam)
                  00004a4c    0000004c     ICall.obj (.text:ICall_newTask$10)
                  00004a98    0000004c     peripheral.obj (.text:gapRole_processStackMsg$6)
                  00004ae4    0000004c     UARTCC26XX.obj (.text:readFinishedDoCallback$14)
                  00004b30    0000004c     rtsv7M3_T_le_eabi.lib : cpy_tbl.obj (.text)
                  00004b7c    0000004c     sysbios.aem3 : mangled__BIOS_lib.obj (.text:xdc_runtime_Text_xprintf__I)
                  00004bc8    0000004a     gattservapp_util.obj (.text:GATTServApp_ProcessCCCWriteReq)
                  00004c12    00000002     --HOLE-- [fill = 0]
                  00004c14    00000048     PINCC26XX.obj (.text:PIN_Isr$17)
                  00004c5c    00000048     util.obj (.text:Util_constructClock)
                  00004ca4    00000048     ICallBleAPI.obj (.text:gapSendParamAndPtrCmd$8)
                  00004cec    00000048     ICallBleAPI.obj (.text:gattIndNoti$8)
                  00004d34    00000047     trainingTag.obj (.text:trainingTag_processCharValueChangeEvt$22)
                  00004d7b    00000001     --HOLE-- [fill = 0]
                  00004d7c    00000046     driverlib.lib : ddi.obj (.text:NOROM_DDI16BitfieldRead)
                  00004dc2    00000002     --HOLE-- [fill = 0]
                  00004dc4    00000044     ICallBleAPI.obj (.text:GAP_TerminateLinkReq)
                  00004e08    00000044     simpleGATTprofile.obj (.text:SimpleProfile_GetParameter)
                  00004e4c    00000044     boot.aem3 : boot.oem3 (.text)
                  00004e90    00000044     rtsv7M3_T_le_eabi.lib : exit.obj (.text)
                  00004ed4    00000044     sysbios.aem3 : mangled__BIOS_lib.obj (.text:ti_sysbios_family_arm_cc26xx_Timer_initDevice__I)
                  00004f18    00000042     ICall.obj (.text:ICall_primCreateSemaphore$10)
                  00004f5a    00000042     ICall.obj (.text:ICall_primCreateTask$10)
                  00004f9c    00000040     peripheral.obj (.text:GAPRole_createTask)
                  00004fdc    00000040     driverlib.lib : osc.obj (.text:NOROM_OSCInterfaceEnable)
                  0000501c    00000040     rtsv7M3_T_le_eabi.lib : u_divt2.obj (.text)
                  0000505c    00000040     appBLEprintf_pem3.oem3 (.text:ti_sysbios_family_arm_cc26xx_Power_XOSC_HF)
                  0000509c    00000040     sysbios.aem3 : mangled__BIOS_lib.obj (.text:ti_sysbios_family_arm_cc26xx_Power_isStableXOSC_HF__E)
                  000050dc    00000040                  : mangled__BIOS_lib.obj (.text:ti_sysbios_family_arm_cc26xx_Timer_getCurrentTick__E)
                  0000511c    0000003c     ICallBleAPI.obj (.text:GAP_GetParamValue)
                  00005158    0000003c     ICallBleAPI.obj (.text:GATTServApp_RegisterService)
                  00005194    0000003c     ICallCC2650.obj (.text:ICallPlatform_pwrConfigACAction)
                  000051d0    0000003c     trainingTag.obj (.text:TrainingTag_createTask)
                  0000520c    0000003c     ICallBleAPI.obj (.text:profileSetParameter$8)
                  00005248    0000003c     ICallBleAPI.obj (.text:sendWaitMatchCS$8)
                  00005284    0000003c     ICallBleAPI.obj (.text:sendWaitMatchValueCS$8)
                  000052c0    0000003c     sysbios.aem3 : mangled__BIOS_lib.obj (.text:ti_sysbios_family_arm_cc26xx_Power_releaseConstraint__E)
                  000052fc    0000003c     UARTCC26XX.obj (.text:writeData$14)
                  00005338    0000003c     sysbios.aem3 : mangled__BIOS_lib.obj (.text:xdc_runtime_System_printf__E)
                  00005374    00000038     ICallBleAPI.obj (.text:GAPBondMgr_LinkEst)
                  000053ac    00000038     ICall.obj (.text:ICall_primGetMaxMSecs$10)
                  000053e4    00000038     PINCC26XX.obj (.text:PIN_setOutputEnable)
                  0000541c    00000038     util.obj (.text:Util_restartClock)
                  00005454    00000038     ICallBleAPI.obj (.text:linkDB_NumConns)
                  0000548c    00000038     UARTCC26XX.obj (.text:readData$14)
                  000054c4    00000038     sunlightService.obj (.text:sunlightService_WriteAttrCB$21)
                  000054fc    00000038     sysbios.aem3 : mangled__BIOS_lib.obj (.text:ti_sysbios_family_arm_cc26xx_Power_setConstraint__E)
                  00005534    00000038                  : mangled__BIOS_lib.obj (.text:ti_sysbios_family_arm_cc26xx_Timer_setThreshold__I)
                  0000556c    00000036     ICallCC2650.obj (.text:ICallPlatform_pwrDispenseImpl$11)
                  000055a2    00000036     ICallCC2650.obj (.text:ICallPlatform_pwrRequireImpl$11)
                  000055d8    00000036     ICall.obj (.text:ICall_primWaitSemaphore$10)
                  0000560e    00000034     driverlib.lib : chipinfo.obj (.text:ChipInfo_GetChipFamily)
                  00005642    00000002     --HOLE-- [fill = 0]
                  00005644    00000034     ICallBleAPI.obj (.text:GAPBondMgr_SetParameter)
                  00005678    00000034     ICallBleAPI.obj (.text:GAP_SetParamValue)
                  000056ac    00000034     ICallCC2650.obj (.text:ICallPlatform_pwrRegisterNotify)
                  000056e0    00000034     ICall.obj (.text:ICall_primEntityId2ServiceId$10)
                  00005714    00000034     ICall.obj (.text:ICall_primFetchMsg$10)
                  00005748    00000034     ICall.obj (.text:ICall_primRegisterISR$10)
                  0000577c    00000034     ICall.obj (.text:ICall_primRegisterISR_Ext$10)
                  000057b0    00000034     ICall.obj (.text:ICall_searchServiceEntity$10)
                  000057e4    00000034     driverlib.lib : setup.obj (.text:SetAonRtcSubSecInc$42)
                  00005818    00000034     ICallBleAPI.obj (.text:osal_snv_read)
                  0000584c    00000034     ICallBleAPI.obj (.text:osal_snv_write)
                  00005880    00000034     ICallBleAPI.obj (.text:profileAddService$8)
                  000058b4    00000033     sysbios.aem3 : mangled__BIOS_lib.obj (.text:xdc_runtime_Text_printVisFxn__I)
                  000058e7    00000001     --HOLE-- [fill = 0]
                  000058e8    00000032     driverlib.lib : osc.obj (.text:OSCHF_SwitchToRcOscTurnOffXosc)
                  0000591a    00000032     ICallBleAPI.obj (.text:gapSendParamsCmd$8)
                  0000594c    00000032     ICallBleAPI.obj (.text:gapSendPtrParamsCmd$8)
                  0000597e    00000032     ICallBleAPI.obj (.text:matchGapSetGetParamCS$8)
                  000059b0    00000032     ICallBleAPI.obj (.text:matchGattCmdStatus$8)
                  000059e2    00000032     ICallBleAPI.obj (.text:matchUtilNvCS$8)
                  00005a14    00000030     ICallCC2650.obj (.text:ICallPlatform_pwrNotify$11)
                  00005a44    00000030     ICall.obj (.text:ICall_heapInit)
                  00005a74    00000030     ICall.obj (.text:ICall_msecs2Ticks$10)
                  00005aa4    00000030     PINCC26XX.obj (.text:PIN_setOutputValue)
                  00005ad4    00000030     appBLEprintf_pem3.oem3 (.text:ti_sysbios_BIOS_atExitFunc__I)
                  00005b04    00000030     sysbios.aem3 : mangled__BIOS_lib.obj (.text:ti_sysbios_family_arm_cc26xx_Power_registerNotify__E)
                  00005b34    00000030                  : mangled__BIOS_lib.obj (.text:ti_sysbios_family_arm_cc26xx_Power_switchXOSC_HF__E)
                  00005b64    0000002e     driverlib.lib : setup.obj (.text:GetTrimForRadcExtCfg$42)
                  00005b92    0000002e     trainingTag.obj (.text:ICall_fetchServiceMsg$22)
                  00005bc0    0000002e     peripheral.obj (.text:ICall_fetchServiceMsg$6)
                  00005bee    0000002e     ICall.obj (.text:ICall_msgDequeue$10)
                  00005c1c    0000002e     ICallBleAPI.obj (.text:matchProfileAddServiceCS$8)
                  00005c4a    0000002c     driverlib.lib : aon_batmon.obj (.text:AONBatMonTemperatureGetDegC)
                  00005c76    00000002     --HOLE-- [fill = 0]
                  00005c78    0000002c     ICallBleAPI.obj (.text:GAPBondMgr_Register)
                  00005ca4    0000002c     ICall.obj (.text:ICall_heapFree)
                  00005cd0    0000002c     simpleGATTprofile.obj (.text:ICall_malloc$7)
                  00005cfc    0000002c     ICall.obj (.text:ICall_msgEnqueue$10)
                  00005d28    0000002c     ICall.obj (.text:ICall_primAllocMsg$10)
                  00005d54    0000002c     ICall.obj (.text:ICall_primFetchServiceMsg$10)
                  00005d80    0000002c     ICall.obj (.text:ICall_searchTask$10)
                  00005dac    0000002c     ICallBleAPI.obj (.text:ICall_sendServiceMsg$8)
                  00005dd8    0000002c     driverlib.lib : aon_rtc.obj (.text:NOROM_AONRTCCurrentCompareValueGet)
                  00005e04    0000002c     PINCC26XX.obj (.text:PIN_setConfig)
                  00005e30    0000002c     uart_printf.obj (.text:uartPrintf_putch)
                  00005e5c    0000002a     ICallBleAPI.obj (.text:ICall_waitMatch$8)
                  00005e86    0000002a     util.obj (.text:Util_enqueueMsg)
                  00005eb0    0000002a     ICallBleAPI.obj (.text:matchProfileCS$8)
                  00005eda    00000028     gattservapp_util.obj (.text:GATTServApp_WriteCharCfg)
                  00005f02    00000028     driverlib.lib : setup.obj (.text:GetTrimForAmpcompTh2$42)
                  00005f2a    00000002     --HOLE-- [fill = 0]
                  00005f2c    00000028     ICall.obj (.text:ICall_init)
                  00005f54    00000028     ICall.obj (.text:ICall_msgPrepend$10)
                  00005f7c    00000028     trainingTag.obj (.text:ICall_registerApp$22)
                  00005fa4    00000028     peripheral.obj (.text:ICall_registerApp$6)
                  00005fcc    00000028     simpleGATTprofile.obj (.text:SimpleProfile_AddService)
                  00005ff4    00000028     appBLEprintf_pem3.oem3 (.text:ti_sysbios_family_arm_cc26xx_Power_isDependencyActive)
                  0000601c    00000028     sysbios.aem3 : mangled__BIOS_lib.obj (.text:ti_sysbios_family_arm_cc26xx_Timer_getMaxTicks__E)
                  00006044    00000026     driverlib.lib : osc.obj (.text:NOROM_OSCClockSourceGet)
                  0000606a    00000024     ICallBleAPI.obj (.text:GAPBondMgr_LinkTerm)
                  0000608e    00000002     --HOLE-- [fill = 0]
                  00006090    00000024     gattservapp_util.obj (.text:GATTServApp_FindAttr)
                  000060b4    00000024     ICallBleAPI.obj (.text:ICall_getLocalMsgEntityId$8)
                  000060d8    00000024     ICallBleAPI.obj (.text:ICall_threadServes$8)
                  000060fc    00000024     PINCC26XX.obj (.text:PINCC26XX_setMux)
                  00006120    00000024     UARTCC26XX.obj (.text:UARTCC26XX_control)
                  00006144    00000024     gattservapp_util.obj (.text:gattServApp_FindCharCfgItem$5)
                  00006168    00000024     appBLEprintf_pem3.oem3 (.text:ti_sysbios_BIOS_registerRTSLock__I)
                  0000618c    00000024     appBLEprintf_pem3.oem3 (.text:ti_sysbios_BIOS_removeRTSLock__I)
                  000061b0    00000024     appBLEprintf_pem3.oem3 (.text:ti_sysbios_BIOS_startFunc__I)
                  000061d4    00000024     sysbios.aem3 : mangled__BIOS_lib.obj (.text:ti_sysbios_family_arm_cc26xx_Timer_dynamicStub__E)
                  000061f8    00000024     trainingTag.obj (.text:trainingTag_enqueueMsg$22)
                  0000621c    00000022     driverlib.lib : setup.obj (.text:GetTrimForAmpcompTh1$42)
                  0000623e    00000022     ICall.obj (.text:ICall_dispatch$10)
                  00006260    00000022     trainingTag.obj (.text:ICall_malloc$22)
                  00006282    00000022     util.obj (.text:ICall_malloc$24)
                  000062a4    00000022     rtsv7M3_T_le_eabi.lib : memcmp.obj (.text)
                  000062c6    00000002     --HOLE-- [fill = 0]
                  000062c8    00000020     gattservapp_util.obj (.text:GATTServApp_InitCharCfg)
                  000062e8    00000020     ICallBleAPI.obj (.text:GATT_bm_alloc)
                  00006308    00000020     driverlib.lib : setup.obj (.text:GetTrimForRcOscLfRtuneCtuneTrim$42)
                  00006328    00000020                   : setup.obj (.text:GetTrimForXoscHfCtl$42)
                  00006348    00000020     ICallBleAPI.obj (.text:ICall_allocMsg$8)
                  00006368    00000020     ICallBleAPI.obj (.text:ICall_getEntityId$8)
                  00006388    00000020     ICall.obj (.text:ICall_primService$10)
                  000063a8    00000020     ICall.obj (.text:ICall_searchService$10)
                  000063c8    00000020     util.obj (.text:Util_dequeueMsg)
                  000063e8    00000020     appBLEprintf_pem3.oem3 (.text:ti_sysbios_BIOS_rtsLock__I)
                  00006408    00000020     sysbios.aem3 : mangled__BIOS_lib.obj (.text:ti_sysbios_family_arm_cc26xx_TimestampProvider_get32__E)
                  00006428    0000001e     ICall.obj (.text:ICall_primSendServiceMsg$10)
                  00006446    0000001e     PINCC26XX.obj (.text:PIN_close)
                  00006464    0000001e     ICallBleAPI.obj (.text:waitMatchCS$8)
                  00006482    00000002     --HOLE-- [fill = 0]
                  00006484    0000001c     peripheral.obj (.text:GAPRole_StartDevice)
                  000064a0    0000001c     ICallBleAPI.obj (.text:GATT_bm_free)
                  000064bc    0000001c     trainingTag.obj (.text:ICall_wait$22)
                  000064d8    0000001c     peripheral.obj (.text:ICall_wait$6)
                  000064f4    0000001c     PINCC26XX.obj (.text:PINCC26XX_setIoCfgMux$17)
                  00006510    0000001c     peripheral.obj (.text:gapRole_HandleParamUpdateNoSuccess$6)
                  0000652c    0000001c     ICallBleAPI.obj (.text:getStatusValueFromErrNo$8)
                  00006548    0000001c     sysbios.aem3 : mangled__BIOS_lib.obj (.text:ti_sysbios_family_arm_cc26xx_Power_unregisterNotify__E)
                  00006564    0000001a     ICall.obj (.text:ICall_enterCSImpl)
                  0000657e    0000001a     ICall.obj (.text:ICall_primSetTimerMSecs$10)
                  00006598    0000001a     driverlib.lib : osc.obj (.text:OSCHF_TurnOnXosc)
                  000065b2    0000001a     ICallBleAPI.obj (.text:matchGattIndNotiCS$8)
                  000065cc    0000001a     trainingTag.obj (.text:trainingTag_processAppMsg$22)
                  000065e6    00000018     driverlib.lib : chipinfo.obj (.text:ChipInfo_GetPackageType)
                  000065fe    00000002     --HOLE-- [fill = 0]
                  00006600    00000018     peripheral.obj (.text:GAPRole_TerminateConnection)
                  00006618    00000018     ICallBleAPI.obj (.text:GATT_Notification)
                  00006630    00000018     driverlib.lib : setup.obj (.text:GetTrimForAdcShModeEn$42)
                  00006648    00000018                   : setup.obj (.text:GetTrimForAdcShVbufEn$42)
                  00006660    00000018                   : setup.obj (.text:GetTrimForDblrLoopFilterResetVoltage$42)
                  00006678    00000018                   : setup.obj (.text:GetTrimForRcOscLfIBiasTrim$42)
                  00006690    00000018                   : setup.obj (.text:GetTrimForXoscHfIbiastherm$42)
                  000066a8    00000018                   : setup.obj (.text:GetTrimForXoscLfRegulatorAndCmirrwrRatio$42)
                  000066c0    00000018     ICallCC2650.obj (.text:ICallPlatform_pwrDispense)
                  000066d8    00000018     ICallCC2650.obj (.text:ICallPlatform_pwrRequire)
                  000066f0    00000018     trainingTag.obj (.text:ICall_free$22)
                  00006708    00000018     util.obj (.text:ICall_free$24)
                  00006720    00000018     ICall.obj (.text:ICall_freeMsg$10)
                  00006738    00000018     trainingTag.obj (.text:ICall_freeMsg$22)
                  00006750    00000018     peripheral.obj (.text:ICall_freeMsg$6)
                  00006768    00000018     ICallBleAPI.obj (.text:ICall_freeMsg$8)
                  00006780    00000018     ICall.obj (.text:ICall_initPrim$10)
                  00006798    00000018     ICall.obj (.text:ICall_primMalloc$10)
                  000067b0    00000018     UART.obj (.text:UART_Params_init)
                  000067c8    00000018     util.obj (.text:Util_constructQueue)
                  000067e0    00000018     peripheral.obj (.text:gapRole_setEvent$6)
                  000067f8    00000018     rtsv7M3_T_le_eabi.lib : args_main.obj (.text)
                  00006810    00000018                           : ll_mul_t2.obj (.text)
                  00006828    00000018     appBLEprintf_pem3.oem3 (.text:ti_sysbios_BIOS_rtsUnlock__I)
                  00006840    00000018     appBLEprintf_pem3.oem3 (.text:ti_sysbios_family_arm_cc26xx_Power_RFCORECLKS)
                  00006858    00000018     sysbios.aem3 : mangled__BIOS_lib.obj (.text:ti_sysbios_family_arm_cc26xx_Timer_getCount64__E)
                  00006870    00000018     appBLEprintf_pem3.oem3 (.text:ti_sysbios_rom_cortexm_cc26xx_CC26xx_checkRevision__E)
                  00006888    00000018     trainingTag.obj (.text:trainingTag_performPeriodicTask$22)
                  000068a0    00000016     driverlib.lib : setup.obj (.text:GetTrimForXoscHfFastStart$42)
                  000068b6    00000016     ICall.obj (.text:ICall_abort$10)
                  000068cc    00000016     ICall.obj (.text:ICall_leaveCSImpl)
                  000068e2    00000016     ICall.obj (.text:ICall_primStopTimer$10)
                  000068f8    00000016     appBLEprintf_pem3.oem3 (.text:ti_sysbios_BIOS_exitFunc__I)
                  0000690e    00000002     --HOLE-- [fill = 0]
                  00006910    00000014     devinfoservice.obj (.text:DevInfo_AddService)
                  00006924    00000014     ICallCC2650.obj (.text:ICallPlatform_pwrIsStableXOSCHF)
                  00006938    00000014     simpleGATTprofile.obj (.text:SimpleProfile_RegisterAppCBs)
                  0000694c    00000014     sunlightService.obj (.text:SunlightService_AddService)
                  00006960    00000014     driverlib.lib : chipinfo.obj (.text:ThisCodeIsBuiltForCC26xxHwRev22AndLater_HaltIfViolated)
                  00006974    00000014     UART.obj (.text:UART_open)
                  00006988    00000014     rtsv7M3_T_le_eabi.lib : _lock.obj (.text)
                  0000699c    00000014                           : strlen.obj (.text)
                  000069b0    00000014     ICallBleAPI.obj (.text:setICallCmdEvtHdr$8)
                  000069c4    00000014     appBLEprintf_pem3.oem3 (.text:ti_sysbios_knl_Clock_doTick__I)
                  000069d8    00000014     trainingTag.obj (.text:trainingTag_clockHandler$22)
                  000069ec    00000012     appBLEprintf_pem3.oem3 (.text:xdc_runtime_Startup_exec__I)
                  000069fe    00000002     --HOLE-- [fill = 0]
                  00006a00    00000010     devinfoservice.obj (.text:DevInfo_SetParameter)
                  00006a10    00000010     ICallBleAPI.obj (.text:GAP_EndDiscoverable)
                  00006a20    00000010     gattservapp_util.obj (.text:GATTServApp_ReadCharCfg)
                  00006a30    00000010     ICallCC2650.obj (.text:ICallPlatform_pwrGetXOSCStartupTime)
                  00006a40    00000010     ICall.obj (.text:ICall_primGetTickPeriod$10)
                  00006a50    00000010     ICall.obj (.text:ICall_taskEntry$10)
                  00006a60    00000010     UARTCC26XX.obj (.text:UARTCC26XX_init)
                  00006a70    00000010     util.obj (.text:Util_isActive)
                  00006a80    00000010     UARTCC26XX.obj (.text:uartPostNotify$14)
                  00006a90    00000010     sysbios.aem3 : mangled__BIOS_lib.obj (.text:xdc_runtime_SysCallback_putch__E)
                  00006aa0    00000010                  : mangled__BIOS_lib.obj (.text:xdc_runtime_SysCallback_ready__E)
                  00006ab0    0000000e     ICallCC2650.obj (.text:ICallPlatform_pwrGetTransitionState)
                  00006abe    0000000e     ICall.obj (.text:ICall_primDisableMInt$10)
                  00006acc    0000000e     ICall.obj (.text:ICall_primEnableMInt$10)
                  00006ada    0000000e     ICall.obj (.text:ICall_primFreeMsg$10)
                  00006ae8    0000000e     ICall.obj (.text:ICall_primGetTicks$10)
                  00006af6    0000000e     driverlib.lib : vims.obj (.text:NOROM_VIMSModeGet)
                  00006b04    0000000e                   : setup.obj (.text:SignExtendVddrTrimValue$42)
                  00006b12    0000000e     rtsv7M3_T_le_eabi.lib : copy_decompress_none.obj (.text:decompress:none)
                  00006b20    0000000e     ICallBleAPI.obj (.text:matchGSARegisterServiceCS$8)
                  00006b2e    0000000e     ICallBleAPI.obj (.text:matchGapLinkEstCS$8)
                  00006b3c    0000000e     ICallBleAPI.obj (.text:matchLinkDBNumConnsCS$8)
                  00006b4a    0000000e     ICallBleAPI.obj (.text:setDispatchCmdEvtHdr$8)
                  00006b58    0000000c     ICallBleAPI.obj (.text:GAP_MakeDiscoverable)
                  00006b64    0000000c     ICallBleAPI.obj (.text:GAP_TerminateAuth)
                  00006b70    0000000c     ICallBleAPI.obj (.text:GAP_UpdateLinkParamReq)
                  00006b7c    0000000c     ICallBleAPI.obj (.text:GGS_SetParameter)
                  00006b88    0000000c     ICall.obj (.text:ICall_clockFunc$10)
                  00006b94    0000000c     ICall.obj (.text:ICall_primDisableInt$10)
                  00006ba0    0000000c     ICall.obj (.text:ICall_primEnableInt$10)
                  00006bac    0000000c     ICall.obj (.text:ICall_primFree$10)
                  00006bb8    0000000c     ICall.obj (.text:ICall_primSignal$10)
                  00006bc4    0000000c     driverlib.lib : cpu.obj (.text:NOROM_CPUcpsid)
                  00006bd0    0000000c                   : cpu.obj (.text:NOROM_CPUcpsie)
                  00006bdc    0000000c     uart_printf.obj (.text:UartPrintf_init)
                  00006be8    0000000c     util.obj (.text:Util_startClock)
                  00006bf4    0000000c     rtsv7M3_T_le_eabi.lib : copy_zero_init.obj (.text:decompress:ZI)
                  00006c00    0000000c     ICallBleAPI.obj (.text:matchProfileSetParamCS$8)
                  00006c0c    0000000c     sysbios.aem3 : mangled__BIOS_lib.obj (.text:ti_sysbios_BIOS_getThreadType__E)
                  00006c18    0000000c                  : mangled__BIOS_lib.obj (.text:ti_sysbios_family_arm_cc26xx_Power_getTransitionState__E)
                  00006c24    0000000c                  : mangled__BIOS_lib.obj (.text:ti_sysbios_hal_Hwi_Params__init__S)
                  00006c30    0000000c     trainingTag.obj (.text:trainingTag_processGATTMsg$22)
                  00006c3c    0000000c     trainingTag.obj (.text:trainingTag_processStackMsg$22)
                  00006c48    0000000c     appBLEprintf_pem3.oem3 (.text:xdc_runtime_Startup_reset__I)
                  00006c54    0000000a     ICallCC2650.obj (.text:ICallPlatform_pwrSwitchXOSCHF)
                  00006c5e    0000000a     ICall.obj (.text:ICall_primE2S$10)
                  00006c68    0000000a     UART.obj (.text:UART_write)
                  00006c72    00000008     ICallBleAPI.obj (.text:GATT_Indication)
                  00006c7a    00000008     UARTCC26XX.obj (.text:readSemCallback$14)
                  00006c82    00000008     sunlightService.obj (.text:sunlightService_ReadAttrCB$21)
                  00006c8a    00000008     trainingTag.obj (.text:trainingTag_charValueChangeCB$22)
                  00006c92    00000008     trainingTag.obj (.text:trainingTag_stateChangeCB$22)
                  00006c9a    00000008     UARTCC26XX.obj (.text:writeSemCallback$14)
                  00006ca2    00000008     appBLEprintf_pem3.oem3 (.text:xdc_runtime_Text_visitRope__I)
                  00006caa    00000006     ICallBleAPI.obj (.text:GGS_AddService)
                  00006cb0    00000006     ICall.obj (.text:ICall_mallocImpl)
                  00006cb6    00000006     UARTCC26XX.obj (.text:UARTCC26XX_readPolling)
                  00006cbc    00000006     UARTCC26XX.obj (.text:UARTCC26XX_writePolling)
                  00006cc2    00000006     sysbios.aem3 : mangled__BIOS_lib.obj (.text:__xdc__init)
                  00006cc8    00000006     rtsv7M3_T_le_eabi.lib : copy_decompress_rle.obj (.text:decompress:rle24)
                  00006cce    00000006     ICallBleAPI.obj (.text:gattAddService$8)
                  00006cd4    00000006     ICallBleAPI.obj (.text:matchBondMgrSetParamCS$8)
                  00006cda    00000006     ICallBleAPI.obj (.text:matchGGSSetParamCS$8)
                  00006ce0    00000006     ICallBleAPI.obj (.text:matchGapDeviceInitCS$8)
                  00006ce6    00000006     ICallBleAPI.obj (.text:matchGapEndDiscoverableCS$8)
                  00006cec    00000006     ICallBleAPI.obj (.text:matchGapGetParamCS$8)
                  00006cf2    00000006     ICallBleAPI.obj (.text:matchGapMakeDiscoverableCS$8)
                  00006cf8    00000006     ICallBleAPI.obj (.text:matchGapSetParamCS$8)
                  00006cfe    00000006     ICallBleAPI.obj (.text:matchGapTerminateAuthCS$8)
                  00006d04    00000006     ICallBleAPI.obj (.text:matchGapTerminateLinkReqCS$8)
                  00006d0a    00000006     ICallBleAPI.obj (.text:matchGapUpdateAdvDataCS$8)
                  00006d10    00000006     ICallBleAPI.obj (.text:matchGapUpdateLinkParamReqCS$8)
                  00006d16    00000006     ICallBleAPI.obj (.text:matchUtilNvReadCS$8)
                  00006d1c    00000006     ICallBleAPI.obj (.text:matchUtilNvWriteCS$8)
                  00006d22    00000004     ICall.obj (.text:ICall_primAbort$10)
                  00006d26    00000004     util.obj (.text:Util_stopClock)
                  00006d2a    00000004     peripheral.obj (.text:gapRole_SetupGAP$6)
                  00006d2e    00000004     appBLEprintf_pem3.oem3 (.text:ti_sysbios_family_arm_cc26xx_Power_NOP)
                  00006d32    00000004     sysbios.aem3 : mangled__BIOS_lib.obj (.text:ti_sysbios_knl_Clock_isActive__E)
                  00006d36    00000004                  : mangled__BIOS_lib.obj (.text:xdc_runtime_SysCallback_defaultReady)
                  00006d3a    00000002     --HOLE-- [fill = 0]
                  00006d3c    00000008     (.tramp.xdc_runtime_Core_assignParams__I.1)
                  00006d44    00000008     (.tramp.ti_sysbios_hal_Hwi_enableInterrupt__E.1)
                  00006d4c    00000008     (.tramp.ti_sysbios_hal_Hwi_disableInterrupt__E.1)
                  00006d54    00000008     (.tramp.ti_sysbios_knl_Task_enable__E.1)
                  00006d5c    00000008     (.tramp.ti_sysbios_family_arm_m3_Hwi_enableFxn__E.1)
                  00006d64    00000008     (.tramp.xdc_runtime_Startup_startMods__I.1)
                  00006d6c    00000008     (.tramp.ti_sysbios_knl_Swi_post__E.1)
                  00006d74    00000008     (.tramp.ti_sysbios_knl_Clock_logTick__E.1)
                  00006d7c    00000008     (.tramp.ti_sysbios_BIOS_RtsGateProxy_leave__E.1)
                  00006d84    00000008     (.tramp.ti_sysbios_knl_Queue_construct.1)
                  00006d8c    00000008     (.tramp.ti_sysbios_knl_Queue_remove__E.1)
                  00006d94    00000008     (.tramp.ti_sysbios_BIOS_RtsGateProxy_enter__E.1)
                  00006d9c    00000008     (.tramp.ti_sysbios_knl_Queue_dequeue__E.1)
                  00006da4    00000008     (.tramp.ti_sysbios_knl_Task_startup__E.1)
                  00006dac    00000008     (.tramp.ti_sysbios_knl_Swi_startup__E.1)
                  00006db4    00000008     (.tramp.ti_sysbios_hal_Hwi_startup__E.1)
                  00006dbc    00000008     (.tramp.ti_sysbios_family_arm_cc26xx_Timer_startup__E.1)
                  00006dc4    00000008     (.tramp.xdc_runtime_System_atexit__E.1)
                  00006dcc    00000008     (.tramp.ti_sysbios_knl_Queue_enqueue__E.1)
                  00006dd4    00000008     (.tramp.ti_sysbios_knl_Queue_put__E.1)
                  00006ddc    00000008     (.tramp.ti_sysbios_BIOS_setThreadType__E.1)
                  00006de4    00000008     (.tramp.ti_sysbios_hal_Hwi_create.1)
                  00006dec    00000008     (.tramp.ti_sysbios_knl_Task_construct.1)
[...]
1001c21f  ti_sysbios_gates_GateHwi_leave__E                                         
1001c225  ti_sysbios_knl_Clock_stop__E                                              
1001c22b  ti_sysbios_knl_Queue_Instance_init__E                                     
1001c231  ti_sysbios_knl_Queue_elemClear__E                                         
1001c237  ti_sysbios_knl_Swi_Module_startup__E                                      
1001c23d  ti_sysbios_knl_Swi_startup__E                                             
1001c243  ti_sysbios_knl_Task_enable__E                                             
1001c249  ti_sysbios_BIOS_RtsGateProxy_enter__E                                     
1001c24d  ti_sysbios_BIOS_RtsGateProxy_leave__E                                     
1001c251  ti_sysbios_family_arm_cc26xx_Timer_getExpiredTicks__E                     
1001c255  ti_sysbios_family_arm_cc26xx_Timer_getPeriod__E                           
1001c259  ti_sysbios_family_arm_cc26xx_Timer_setPeriod__E                           
1001c25d  ti_sysbios_family_arm_m3_Hwi_delete                                       
1001c261  ti_sysbios_family_arm_m3_Hwi_destruct                                     
1001c265  ti_sysbios_family_arm_m3_TaskSupport_Module__startupDone__S               
1001c269  ti_sysbios_gates_GateHwi_query__E                                         
1001c269  xdc_runtime_System_Module_GateProxy_query__E                              
1001c26d  ti_sysbios_gates_GateMutex_delete                                         
1001c271  ti_sysbios_gates_GateMutex_destruct                                       
1001c275  ti_sysbios_BIOS_RtsGateProxy_query__E                                     
1001c275  ti_sysbios_gates_GateMutex_query__E                                       
1001c275  ti_sysbios_heaps_HeapMem_Module_GateProxy_query__E                        
1001c279  ti_sysbios_hal_Hwi_HwiProxy_Module__startupDone__S                        
1001c27d  ti_sysbios_hal_Hwi_HwiProxy_delete                                        
1001c281  ti_sysbios_hal_Hwi_HwiProxy_disableInterrupt__E                           
1001c281  ti_sysbios_hal_Hwi_disableInterrupt__E                                    
1001c285  ti_sysbios_hal_Hwi_HwiProxy_enableInterrupt__E                            
1001c285  ti_sysbios_hal_Hwi_enableInterrupt__E                                     
1001c289  ti_sysbios_hal_Hwi_HwiProxy_getStackInfo__E                               
1001c289  ti_sysbios_hal_Hwi_getStackInfo__E                                        
1001c28d  ti_sysbios_hal_Hwi_HwiProxy_startup__E                                    
1001c28d  ti_sysbios_hal_Hwi_startup__E                                             
1001c291  ti_sysbios_hal_Hwi_HwiProxy_switchFromBootStack__E                        
1001c295  ti_sysbios_hal_Hwi_delete                                                 
1001c299  ti_sysbios_hal_Hwi_switchFromBootStack__E                                 
1001c29d  ti_sysbios_heaps_HeapMem_Module_GateProxy_enter__E                        
1001c2a1  ti_sysbios_heaps_HeapMem_Module_GateProxy_leave__E                        
1001c2a5  ti_sysbios_heaps_HeapMem_isBlocking__E                                    
1001c2a9  ti_sysbios_knl_Clock_TimerProxy_Module__startupDone__S                    
1001c2ad  ti_sysbios_knl_Clock_TimerProxy_getExpiredTicks__E                        
1001c2b1  ti_sysbios_knl_Clock_TimerProxy_getPeriod__E                              
1001c2b5  ti_sysbios_knl_Clock_delete                                               
1001c2b9  ti_sysbios_knl_Clock_destruct                                             
1001c2bd  ti_sysbios_knl_Clock_removeI__E                                           
1001c2c1  ti_sysbios_knl_Clock_setTimeout__E                                        
1001c2c5  ti_sysbios_knl_Mailbox_delete                                             
1001c2c9  ti_sysbios_knl_Mailbox_destruct                                           
1001c2cd  ti_sysbios_knl_Queue_delete                                               
1001c2d1  ti_sysbios_knl_Queue_destruct                                             
1001c2d5  ti_sysbios_knl_Queue_head__E                                              
1001c2d9  ti_sysbios_knl_Queue_next__E                                              
1001c2dd  ti_sysbios_knl_Semaphore_delete                                           
1001c2e1  ti_sysbios_knl_Semaphore_destruct                                         
1001c2e5  ti_sysbios_knl_Swi_delete                                                 
1001c2e9  ti_sysbios_knl_Swi_destruct                                               
1001c2ed  ti_sysbios_knl_Swi_postInit__I                                            
1001c2f1  ti_sysbios_knl_Task_SupportProxy_Module__startupDone__S                   
1001c2f5  ti_sysbios_knl_Task_SupportProxy_getStackAlignment__E                     
1001c2f9  ti_sysbios_knl_Task_SupportProxy_start__E                                 
1001c2fd  ti_sysbios_knl_Task_SupportProxy_swap__E                                  
1001c301  ti_sysbios_knl_Task_delete                                                
1001c305  ti_sysbios_knl_Task_destruct                                              
1001c309  ti_sysbios_knl_Task_startup__E                                            
1001c30d  xdc_runtime_Startup_startMods__I                                          
1001c405  xdc_runtime_Core_createObject__I                                          
1001c487  xdc_runtime_Error_policySpin__E                                           
1001c489  xdc_runtime_Memory_alloc__E                                               
1001c4f9  xdc_runtime_Core_deleteObject__I                                          
1001c559  xdc_runtime_Startup_exec__E                                               
1001c5a9  xdc_runtime_Assert_raise__I                                               
1001c5f1  xdc_runtime_Core_assignParams__I                                          
1001c639  xdc_runtime_Core_constructObject__I                                       
1001c681  xdc_runtime_System_atexit__E                                              
1001c6b9  xdc_runtime_System_processAtExit__E                                       
1001c6ed  xdc_runtime_Core_assignLabel__I                                           
1001c71d  xdc_runtime_Text_cordText__E                                              
1001c749  xdc_runtime_System_abort__E                                               
1001c769  xdc_runtime_Error_raiseX__E                                               
1001c785  xdc_runtime_Memory_valloc__E                                              
1001c7a1  xdc_runtime_Core_destructObject__I                                        
1001c7b9  xdc_runtime_Error_check__E                                                
1001c7d1  xdc_runtime_System_exit__E                                                
1001c7e9  xdc_runtime_Text_ropeText__E                                              
1001c801  xdc_runtime_Memory_free__E                                                
1001c811  xdc_runtime_SysCallback_abort__E                                          
1001c821  xdc_runtime_SysCallback_exit__E                                           
1001c831  xdc_runtime_Timestamp_SupportProxy_get32__E                               
1001c831  xdc_runtime_Timestamp_get32__E                                            
1001c841  xdc_runtime_Error_init__E                                                 
1001c84d  xdc_runtime_Memory_calloc__E                                              
1001c859  xdc_runtime_Memory_getMaxDefaultTypeAlign__E                              
1001c879  xdc_runtime_Gate_leaveSystem__E                                           
1001c87f  xdc_runtime_System_Module_startup__E                                      
1001c885  xdc_runtime_Gate_enterSystem__E                                           
1001c889  xdc_runtime_Memory_HeapProxy_alloc__E                                     
1001c88d  xdc_runtime_Memory_HeapProxy_free__E                                      
1001c891  xdc_runtime_System_Module_GateProxy_enter__E                              
1001c895  xdc_runtime_System_Module_GateProxy_leave__E                              
1001c899  xdc_runtime_System_abortSpin__E                                           
1001c89b  xdc_runtime_System_exitSpin__E                                            
1001c89d  ti_sysbios_family_arm_m3_Hwi_dispatch__I                                  
1001c96d  ti_sysbios_family_arm_m3_TaskSupport_buildTaskStack                       
1001c9b9  ti_sysbios_family_arm_m3_Hwi_initStacks__E                                
1001ca01  ti_sysbios_family_arm_m3_Hwi_excHandlerAsm__I                             
1001ca21  ti_sysbios_family_xxx_Hwi_switchAndRunFunc                                
1001ca3f  ti_sysbios_family_arm_m3_Hwi_pendSV__I                                    
1001ca57  ti_sysbios_family_arm_m3_Hwi_return                                       
1001ca59  ti_sysbios_family_arm_m3_TaskSupport_glue                                 
1001ca69  ti_sysbios_family_arm_m3_TaskSupport_swap__E                              
1001ca71  ti_sysbios_knl_Task_swapReturn                                            
1001ca9b  ti_sysbios_rom_cortexm_cc26xx_CC26xx_getRevision__E                       
20000000  ti_sysbios_family_arm_m3_Hwi_ramVectors                                   
20000100  ti_sysbios_knl_Task_Module__state__V                                      
20000144  ti_sysbios_family_arm_m3_Hwi_Module__state__V                             
20000178  ti_sysbios_knl_Clock_Module__state__V                                     
200001a4  ti_sysbios_BIOS_Module__state__V                                          
200001c8  ti_sysbios_knl_Swi_Module__state__V                                       
200001e4  ti_sysbios_family_arm_cc26xx_Timer_Module__state__V                       
200001ec  ti_sysbios_family_arm_cc26xx_TimestampProvider_Module__state__V           
200001f0  xdc_runtime_Startup_Module__state__V                                      
200001f8  xdc_runtime_System_Module__state__V                                       
20000200  xdc_runtime_Memory_Module__state__V                                       
20000c78  ti_sysbios_heaps_HeapMem_Instance_State_0_buf__A                          
200012f8  ti_sysbios_knl_Task_Instance_State_0_stack__A                             
200014f8  PIN_NumPins                                                               
20001558  PIN_HandleTable                                                           
200015d4  uartCC26XXObjects                                                         
200016a4  ti_sysbios_family_arm_m3_Hwi_dispatchTable                                
200017a8  driverlib_release_0_43243                                                 
20001c38  tTagTask                                                                  
20001c88  tTagTaskStack                                                             
20001f44  linkDBNumConns                                                            
20002058  gapRoleTask                                                               
200020a8  gapRoleTaskStack                                                          
20002610  ti_sysbios_family_arm_cc26xx_Power_refCount                               
20002623  ti_sysbios_family_arm_cc26xx_Power_constraintCounts                       
20002628  ti_sysbios_family_arm_cc26xx_Power_resourceHandlers                       
20002634  ti_sysbios_family_arm_cc26xx_Timer_Module__root__V                        
2000263c  ti_sysbios_family_arm_m3_Hwi_Module__root__V                              
20002644  ti_sysbios_family_arm_m3_Hwi_Module_State_0_excActive__A                  
20002648  ti_sysbios_family_arm_m3_Hwi_Module_State_0_excContext__A                 
2000264c  ti_sysbios_family_arm_m3_Hwi_Module_State_0_excStack__A                   
20002650  ti_sysbios_gates_GateHwi_Module__root__V                                  
20002658  ti_sysbios_gates_GateHwi_Object__table__V                                 
2000265c  ti_sysbios_gates_GateMutex_Module__root__V                                
20002664  ti_sysbios_hal_Hwi_Module__root__V                                        
2000266c  ti_sysbios_heaps_HeapMem_Module__root__V                                  
20002674  ti_sysbios_heaps_HeapMem_Object__table__V                                 
2000268c  ti_sysbios_knl_Clock_Module__root__V                                      
20002694  ti_sysbios_knl_Event_Module__root__V                                      
2000269c  ti_sysbios_knl_Mailbox_Module__root__V                                    
200026a4  ti_sysbios_knl_Queue_Module__root__V                                      
200026ac  ti_sysbios_knl_Semaphore_Module__root__V                                  
200026b4  ti_sysbios_knl_Swi_Module__root__V                                        
200026bc  ti_sysbios_knl_Task_Module__root__V                                       
200026c4  ti_sysbios_knl_Task_Module_State_0_idleTask__A                            
200026c8  __xdc__init__addr                                                         
200026cc  ICall_dispatcher                                                          
200026d4  ICall_enterCriticalSection                                                
200026d8  ICall_leaveCriticalSection                                                
20002758  ti_sysbios_family_arm_cc26xx_Power_Module__state__V                       
200027c8  BoardGpioInitTable                                                        
20002824  TSK_idle                                                                  
20002824  ti_sysbios_knl_Task_Object__table__V                                      
20002870  ti_sysbios_family_arm_cc26xx_Timer_Object__table__V                       
200028b8  ti_sysbios_gates_GateMutex_Object__table__V                               
200028f0  rfRegTbl                                                                  
20002924  ti_sysbios_family_arm_m3_Hwi_Object__table__V                             
20002954  ti_sysbios_knl_Swi_Module_State_0_readyQ__A                               
20002984  ti_sysbios_knl_Swi_Object__table__V                                       
200029b4  ti_sysbios_knl_Task_Module_State_0_readyQ__A                              
200029e4  user0Cfg                                                                  
20002a30  lastAppOpcodeSent                                                         
20002a34  pfnBMAlloc                                                                
20002a38  pfnBMFree                                                                 
20002a44  _lock                                                                     
20002a48  _unlock                                                                   
20002a4c  __TI_cleanup_ptr                                                          
20002a50  __TI_dtors_ptr                                                            
20002a54  xdc_runtime_Registry_Module__state__V                                     
20002a5c  main_func_sp                                                              
20003fc0  __stack                                                                   
200043c0  __STACK_END                                                               
200043c0  __STACK_TOP                                                               
e000e000  ti_sysbios_family_arm_m3_Hwi_nvic                                         
ffffffff  __binit__                                                                 
ffffffff  __c_args__                                                                
ffffffff  binit                                                                     
UNDEFED   SHT$$INIT_ARRAY$$Base                                                     
UNDEFED   SHT$$INIT_ARRAY$$Limit                                                    
UNDEFED   ti_sysbios_BIOS_RtsGateProxy_Handle__label__S__mangled__                  
UNDEFED   ti_sysbios_BIOS_RtsGateProxy_Object__delete__S__mangled__                 
UNDEFED   ti_sysbios_BIOS_RtsGateProxy_Params__init__S__mangled__                   
UNDEFED   ti_sysbios_BIOS_RtsGateProxy_query__E__mangled__                          
UNDEFED   ti_sysbios_hal_Hwi_HwiProxy_Module__startupDone__S__mangled__             
UNDEFED   ti_sysbios_hal_Hwi_HwiProxy_Object__delete__S__mangled__                  
UNDEFED   ti_sysbios_hal_Hwi_HwiProxy_Params__init__S__mangled__                    
UNDEFED   ti_sysbios_hal_Hwi_HwiProxy_disableInterrupt__E__mangled__                
UNDEFED   ti_sysbios_hal_Hwi_HwiProxy_enableInterrupt__E__mangled__                 
UNDEFED   ti_sysbios_hal_Hwi_HwiProxy_getStackInfo__E__mangled__                    
UNDEFED   ti_sysbios_hal_Hwi_HwiProxy_startup__E__mangled__                         
UNDEFED   ti_sysbios_hal_Hwi_HwiProxy_switchFromBootStack__E__mangled__             
UNDEFED   ti_sysbios_hal_Hwi_disableInterrupt__E__mangled__                         
UNDEFED   ti_sysbios_hal_Hwi_enableInterrupt__E__mangled__                          
UNDEFED   ti_sysbios_hal_Hwi_getStackInfo__E__mangled__                             
UNDEFED   ti_sysbios_hal_Hwi_startup__E__mangled__                                  
UNDEFED   ti_sysbios_hal_Hwi_switchFromBootStack__E__mangled__                      
UNDEFED   ti_sysbios_heaps_HeapMem_Module_GateProxy_Handle__label__S__mangled__     
UNDEFED   ti_sysbios_heaps_HeapMem_Module_GateProxy_Object__delete__S__mangled__    
UNDEFED   ti_sysbios_heaps_HeapMem_Module_GateProxy_Params__init__S__mangled__      
UNDEFED   ti_sysbios_heaps_HeapMem_Module_GateProxy_query__E__mangled__             
UNDEFED   ti_sysbios_knl_Clock_TimerProxy_Module__startupDone__S__mangled__         
UNDEFED   ti_sysbios_knl_Clock_TimerProxy_startup__E__mangled__                     
UNDEFED   ti_sysbios_knl_Task_SupportProxy_Module__startupDone__S__mangled__        
UNDEFED   ti_sysbios_knl_Task_SupportProxy_getStackAlignment__E__mangled__          
UNDEFED   ti_sysbios_knl_Task_SupportProxy_start__E__mangled__                      
UNDEFED   ti_sysbios_knl_Task_SupportProxy_swap__E__mangled__                       
UNDEFED   xdc_runtime_Main_Module_GateProxy_Handle__label__S                        
UNDEFED   xdc_runtime_Main_Module_GateProxy_Object__delete__S                       
UNDEFED   xdc_runtime_Main_Module_GateProxy_query__E                                
UNDEFED   xdc_runtime_Memory_HeapProxy_Handle__label__S__mangled__                  
UNDEFED   xdc_runtime_Memory_HeapProxy_Object__delete__S__mangled__                 
UNDEFED   xdc_runtime_System_Module_GateProxy_Handle__label__S__mangled__           
UNDEFED   xdc_runtime_System_Module_GateProxy_Object__delete__S__mangled__          
UNDEFED   xdc_runtime_System_Module_GateProxy_query__E__mangled__                   
UNDEFED   xdc_runtime_System_SupportProxy_abort__E                                  
UNDEFED   xdc_runtime_System_SupportProxy_exit__E                                   
UNDEFED   xdc_runtime_Timestamp_SupportProxy_get64__E__mangled__                    
UNDEFED   xdc_runtime_Timestamp_SupportProxy_getFreq__E__mangled__                  
UNDEFED   xdc_runtime_Timestamp_get32__E__mangled__                                 
UNDEFED   xdc_runtime_Timestamp_get64__E__mangled__                                 
UNDEFED   xdc_runtime_Timestamp_getFreq__E__mangled__                               

[846 symbols]
